TimeQuest Timing Analyzer report for fulladder4b
Thu Aug 30 16:29:21 2018
Quartus II 64-Bit Version 13.0.1 Build 232 06/12/2013 Service Pack 1 SJ Web Edition


---------------------
; Table of Contents ;
---------------------
  1. Legal Notice
  2. TimeQuest Timing Analyzer Summary
  3. Parallel Compilation
  4. Clocks
  5. Slow Model Fmax Summary
  6. Slow Model Setup Summary
  7. Slow Model Hold Summary
  8. Slow Model Recovery Summary
  9. Slow Model Removal Summary
 10. Slow Model Minimum Pulse Width Summary
 11. Propagation Delay
 12. Minimum Propagation Delay
 13. Fast Model Setup Summary
 14. Fast Model Hold Summary
 15. Fast Model Recovery Summary
 16. Fast Model Removal Summary
 17. Fast Model Minimum Pulse Width Summary
 18. Propagation Delay
 19. Minimum Propagation Delay
 20. Multicorner Timing Analysis Summary
 21. Progagation Delay
 22. Minimum Progagation Delay
 23. Clock Transfers
 24. Report TCCS
 25. Report RSKM
 26. Unconstrained Paths
 27. TimeQuest Timing Analyzer Messages



----------------
; Legal Notice ;
----------------
Copyright (C) 1991-2013 Altera Corporation
Your use of Altera Corporation's design tools, logic functions 
and other software and tools, and its AMPP partner logic 
functions, and any output files from any of the foregoing 
(including device programming or simulation files), and any 
associated documentation or information are expressly subject 
to the terms and conditions of the Altera Program License 
Subscription Agreement, Altera MegaCore Function License 
Agreement, or other applicable license agreement, including, 
without limitation, that your use is for the sole purpose of 
programming logic devices manufactured by Altera and sold by 
Altera or its authorized distributors.  Please refer to the 
applicable agreement for further details.



+----------------------------------------------------------------------------------------+
; TimeQuest Timing Analyzer Summary                                                      ;
+--------------------+-------------------------------------------------------------------+
; Quartus II Version ; Version 13.0.1 Build 232 06/12/2013 Service Pack 1 SJ Web Edition ;
; Revision Name      ; fulladder4b                                                       ;
; Device Family      ; Cyclone II                                                        ;
; Device Name        ; EP2C35F672C6                                                      ;
; Timing Models      ; Final                                                             ;
; Delay Model        ; Combined                                                          ;
; Rise/Fall Delays   ; Unavailable                                                       ;
+--------------------+-------------------------------------------------------------------+


Parallel compilation was disabled, but you have multiple processors available. Enable parallel compilation to reduce compilation time.
+-------------------------------------+
; Parallel Compilation                ;
+----------------------------+--------+
; Processors                 ; Number ;
+----------------------------+--------+
; Number detected on machine ; 4      ;
; Maximum allowed            ; 1      ;
+----------------------------+--------+


----------
; Clocks ;
----------
No clocks to report.


---------------------------
; Slow Model Fmax Summary ;
---------------------------
No paths to report.


----------------------------
; Slow Model Setup Summary ;
----------------------------
No paths to report.


---------------------------
; Slow Model Hold Summary ;
---------------------------
No paths to report.


-------------------------------
; Slow Model Recovery Summary ;
-------------------------------
No paths to report.


------------------------------
; Slow Model Removal Summary ;
------------------------------
No paths to report.


------------------------------------------
; Slow Model Minimum Pulse Width Summary ;
------------------------------------------
No paths to report.


+--------------------------------------------------------------+
; Propagation Delay                                            ;
+------------+-------------+--------+--------+--------+--------+
; Input Port ; Output Port ; RR     ; RF     ; FR     ; FF     ;
+------------+-------------+--------+--------+--------+--------+
; SW[0]      ; HEX0[0]     ; 7.140  ; 7.140  ; 7.140  ; 7.140  ;
; SW[0]      ; HEX0[1]     ; 7.115  ; 7.115  ; 7.115  ; 7.115  ;
; SW[0]      ; HEX0[2]     ;        ; 7.114  ; 7.114  ;        ;
; SW[0]      ; HEX0[3]     ; 6.891  ; 6.891  ; 6.891  ; 6.891  ;
; SW[0]      ; HEX0[4]     ; 6.891  ;        ;        ; 6.891  ;
; SW[0]      ; HEX0[5]     ; 6.874  ;        ;        ; 6.874  ;
; SW[0]      ; HEX0[6]     ; 6.879  ; 6.879  ; 6.879  ; 6.879  ;
; SW[0]      ; HEX4[0]     ; 10.434 ; 10.434 ; 10.434 ; 10.434 ;
; SW[0]      ; HEX4[1]     ; 10.457 ; 10.457 ; 10.457 ; 10.457 ;
; SW[0]      ; HEX4[2]     ; 10.330 ; 10.330 ; 10.330 ; 10.330 ;
; SW[0]      ; HEX4[3]     ; 10.419 ; 10.419 ; 10.419 ; 10.419 ;
; SW[0]      ; HEX4[4]     ; 10.466 ; 10.466 ; 10.466 ; 10.466 ;
; SW[0]      ; HEX4[5]     ; 10.475 ; 10.475 ; 10.475 ; 10.475 ;
; SW[0]      ; HEX4[6]     ; 10.476 ; 10.476 ; 10.476 ; 10.476 ;
; SW[0]      ; HEX5[0]     ; 9.498  ;        ;        ; 9.498  ;
; SW[0]      ; HEX5[3]     ; 9.212  ;        ;        ; 9.212  ;
; SW[0]      ; HEX5[4]     ; 9.192  ;        ;        ; 9.192  ;
; SW[0]      ; HEX5[5]     ; 9.192  ;        ;        ; 9.192  ;
; SW[0]      ; LEDR[0]     ; 5.976  ;        ;        ; 5.976  ;
; SW[1]      ; HEX0[0]     ; 7.461  ; 7.461  ; 7.461  ; 7.461  ;
; SW[1]      ; HEX0[1]     ; 7.437  ; 7.437  ; 7.437  ; 7.437  ;
; SW[1]      ; HEX0[2]     ; 7.431  ;        ;        ; 7.431  ;
; SW[1]      ; HEX0[3]     ; 7.213  ; 7.213  ; 7.213  ; 7.213  ;
; SW[1]      ; HEX0[4]     ;        ; 7.210  ; 7.210  ;        ;
; SW[1]      ; HEX0[5]     ; 7.192  ; 7.192  ; 7.192  ; 7.192  ;
; SW[1]      ; HEX0[6]     ; 7.195  ; 7.195  ; 7.195  ; 7.195  ;
; SW[1]      ; HEX4[0]     ; 10.502 ; 10.502 ; 10.502 ; 10.502 ;
; SW[1]      ; HEX4[1]     ; 10.525 ; 10.525 ; 10.525 ; 10.525 ;
; SW[1]      ; HEX4[2]     ; 10.398 ; 10.398 ; 10.398 ; 10.398 ;
; SW[1]      ; HEX4[3]     ; 10.487 ; 10.487 ; 10.487 ; 10.487 ;
; SW[1]      ; HEX4[4]     ; 10.534 ; 10.534 ; 10.534 ; 10.534 ;
; SW[1]      ; HEX4[5]     ; 10.543 ; 10.543 ; 10.543 ; 10.543 ;
; SW[1]      ; HEX4[6]     ; 10.544 ; 10.544 ; 10.544 ; 10.544 ;
; SW[1]      ; HEX5[0]     ; 9.566  ;        ;        ; 9.566  ;
; SW[1]      ; HEX5[3]     ; 9.280  ;        ;        ; 9.280  ;
; SW[1]      ; HEX5[4]     ; 9.260  ;        ;        ; 9.260  ;
; SW[1]      ; HEX5[5]     ; 9.260  ;        ;        ; 9.260  ;
; SW[1]      ; LEDR[1]     ; 6.485  ;        ;        ; 6.485  ;
; SW[2]      ; HEX0[0]     ; 6.992  ; 6.992  ; 6.992  ; 6.992  ;
; SW[2]      ; HEX0[1]     ; 6.969  ;        ;        ; 6.969  ;
; SW[2]      ; HEX0[2]     ; 6.966  ; 6.966  ; 6.966  ; 6.966  ;
; SW[2]      ; HEX0[3]     ; 6.744  ; 6.744  ; 6.744  ; 6.744  ;
; SW[2]      ; HEX0[4]     ; 6.746  ; 6.746  ; 6.746  ; 6.746  ;
; SW[2]      ; HEX0[5]     ; 6.727  ; 6.727  ; 6.727  ; 6.727  ;
; SW[2]      ; HEX0[6]     ; 6.730  ; 6.730  ; 6.730  ; 6.730  ;
; SW[2]      ; HEX4[0]     ; 10.240 ; 10.240 ; 10.240 ; 10.240 ;
; SW[2]      ; HEX4[1]     ; 10.263 ; 10.263 ; 10.263 ; 10.263 ;
; SW[2]      ; HEX4[2]     ; 10.136 ; 10.136 ; 10.136 ; 10.136 ;
; SW[2]      ; HEX4[3]     ; 10.225 ; 10.225 ; 10.225 ; 10.225 ;
; SW[2]      ; HEX4[4]     ; 10.272 ; 10.272 ; 10.272 ; 10.272 ;
; SW[2]      ; HEX4[5]     ; 10.281 ; 10.281 ; 10.281 ; 10.281 ;
; SW[2]      ; HEX4[6]     ; 10.282 ; 10.282 ; 10.282 ; 10.282 ;
; SW[2]      ; HEX5[0]     ; 9.304  ;        ;        ; 9.304  ;
; SW[2]      ; HEX5[3]     ; 9.018  ;        ;        ; 9.018  ;
; SW[2]      ; HEX5[4]     ; 8.998  ;        ;        ; 8.998  ;
; SW[2]      ; HEX5[5]     ; 8.998  ;        ;        ; 8.998  ;
; SW[2]      ; LEDR[2]     ; 5.135  ;        ;        ; 5.135  ;
; SW[3]      ; HEX0[0]     ; 6.359  ; 6.359  ; 6.359  ; 6.359  ;
; SW[3]      ; HEX0[1]     ; 6.335  ; 6.335  ; 6.335  ; 6.335  ;
; SW[3]      ; HEX0[2]     ; 6.305  ; 6.305  ; 6.305  ; 6.305  ;
; SW[3]      ; HEX0[3]     ; 6.109  ; 6.109  ; 6.109  ; 6.109  ;
; SW[3]      ; HEX0[4]     ;        ; 6.112  ; 6.112  ;        ;
; SW[3]      ; HEX0[5]     ; 6.069  ; 6.069  ; 6.069  ; 6.069  ;
; SW[3]      ; HEX0[6]     ; 6.084  ; 6.084  ; 6.084  ; 6.084  ;
; SW[3]      ; HEX4[0]     ; 8.943  ; 8.943  ; 8.943  ; 8.943  ;
; SW[3]      ; HEX4[1]     ; 8.966  ; 8.966  ; 8.966  ; 8.966  ;
; SW[3]      ; HEX4[2]     ; 8.839  ; 8.839  ; 8.839  ; 8.839  ;
; SW[3]      ; HEX4[3]     ; 8.928  ; 8.928  ; 8.928  ; 8.928  ;
; SW[3]      ; HEX4[4]     ; 8.975  ; 8.975  ; 8.975  ; 8.975  ;
; SW[3]      ; HEX4[5]     ; 8.984  ; 8.984  ; 8.984  ; 8.984  ;
; SW[3]      ; HEX4[6]     ; 8.985  ; 8.985  ; 8.985  ; 8.985  ;
; SW[3]      ; HEX5[0]     ; 8.322  ;        ;        ; 8.322  ;
; SW[3]      ; HEX5[3]     ; 8.036  ;        ;        ; 8.036  ;
; SW[3]      ; HEX5[4]     ; 8.016  ;        ;        ; 8.016  ;
; SW[3]      ; HEX5[5]     ; 8.016  ;        ;        ; 8.016  ;
; SW[3]      ; LEDR[3]     ; 5.783  ;        ;        ; 5.783  ;
; SW[4]      ; LEDR[4]     ; 5.280  ;        ;        ; 5.280  ;
; SW[5]      ; LEDR[5]     ; 5.702  ;        ;        ; 5.702  ;
; SW[6]      ; LEDR[6]     ; 5.338  ;        ;        ; 5.338  ;
; SW[7]      ; LEDR[7]     ; 6.279  ;        ;        ; 6.279  ;
; SW[8]      ; LEDR[8]     ; 5.868  ;        ;        ; 5.868  ;
; SW[9]      ; LEDR[9]     ; 6.210  ;        ;        ; 6.210  ;
; SW[10]     ; HEX4[0]     ; 10.354 ; 10.354 ; 10.354 ; 10.354 ;
; SW[10]     ; HEX4[1]     ; 10.377 ; 10.377 ; 10.377 ; 10.377 ;
; SW[10]     ; HEX4[2]     ; 10.250 ; 10.250 ; 10.250 ; 10.250 ;
; SW[10]     ; HEX4[3]     ; 10.339 ; 10.339 ; 10.339 ; 10.339 ;
; SW[10]     ; HEX4[4]     ; 10.386 ; 10.386 ; 10.386 ; 10.386 ;
; SW[10]     ; HEX4[5]     ; 10.395 ; 10.395 ; 10.395 ; 10.395 ;
; SW[10]     ; HEX4[6]     ; 10.396 ; 10.396 ; 10.396 ; 10.396 ;
; SW[10]     ; HEX5[0]     ; 9.418  ;        ;        ; 9.418  ;
; SW[10]     ; HEX5[3]     ; 9.132  ;        ;        ; 9.132  ;
; SW[10]     ; HEX5[4]     ; 9.112  ;        ;        ; 9.112  ;
; SW[10]     ; HEX5[5]     ; 9.112  ;        ;        ; 9.112  ;
; SW[10]     ; LEDR[10]    ; 5.682  ;        ;        ; 5.682  ;
; SW[11]     ; LEDR[11]    ; 5.638  ;        ;        ; 5.638  ;
; SW[12]     ; LEDR[12]    ; 5.696  ;        ;        ; 5.696  ;
; SW[13]     ; LEDR[13]    ; 9.598  ;        ;        ; 9.598  ;
; SW[14]     ; HEX2[0]     ; 11.175 ; 11.175 ; 11.175 ; 11.175 ;
; SW[14]     ; HEX2[1]     ; 10.854 ; 10.854 ; 10.854 ; 10.854 ;
; SW[14]     ; HEX2[2]     ;        ; 10.865 ; 10.865 ;        ;
; SW[14]     ; HEX2[3]     ; 10.871 ; 10.871 ; 10.871 ; 10.871 ;
; SW[14]     ; HEX2[4]     ; 11.169 ;        ;        ; 11.169 ;
; SW[14]     ; HEX2[5]     ; 11.176 ;        ;        ; 11.176 ;
; SW[14]     ; HEX2[6]     ; 11.059 ; 11.059 ; 11.059 ; 11.059 ;
; SW[14]     ; HEX4[0]     ; 14.548 ; 14.548 ; 14.548 ; 14.548 ;
; SW[14]     ; HEX4[1]     ; 14.571 ; 14.571 ; 14.571 ; 14.571 ;
; SW[14]     ; HEX4[2]     ; 14.444 ; 14.444 ; 14.444 ; 14.444 ;
; SW[14]     ; HEX4[3]     ; 14.533 ; 14.533 ; 14.533 ; 14.533 ;
; SW[14]     ; HEX4[4]     ; 14.580 ; 14.580 ; 14.580 ; 14.580 ;
; SW[14]     ; HEX4[5]     ; 14.589 ; 14.589 ; 14.589 ; 14.589 ;
; SW[14]     ; HEX4[6]     ; 14.590 ; 14.590 ; 14.590 ; 14.590 ;
; SW[14]     ; HEX5[0]     ; 13.612 ;        ;        ; 13.612 ;
; SW[14]     ; HEX5[3]     ; 13.326 ;        ;        ; 13.326 ;
; SW[14]     ; HEX5[4]     ; 13.306 ;        ;        ; 13.306 ;
; SW[14]     ; HEX5[5]     ; 13.306 ;        ;        ; 13.306 ;
; SW[14]     ; LEDR[14]    ; 9.868  ;        ;        ; 9.868  ;
; SW[15]     ; HEX2[0]     ; 10.866 ; 10.866 ; 10.866 ; 10.866 ;
; SW[15]     ; HEX2[1]     ; 10.553 ; 10.553 ; 10.553 ; 10.553 ;
; SW[15]     ; HEX2[2]     ; 10.592 ;        ;        ; 10.592 ;
; SW[15]     ; HEX2[3]     ; 10.559 ; 10.559 ; 10.559 ; 10.559 ;
; SW[15]     ; HEX2[4]     ;        ; 10.864 ; 10.864 ;        ;
; SW[15]     ; HEX2[5]     ; 10.864 ; 10.864 ; 10.864 ; 10.864 ;
; SW[15]     ; HEX2[6]     ; 10.747 ; 10.747 ; 10.747 ; 10.747 ;
; SW[15]     ; HEX4[0]     ; 14.568 ; 14.568 ; 14.568 ; 14.568 ;
; SW[15]     ; HEX4[1]     ; 14.591 ; 14.591 ; 14.591 ; 14.591 ;
; SW[15]     ; HEX4[2]     ; 14.464 ; 14.464 ; 14.464 ; 14.464 ;
; SW[15]     ; HEX4[3]     ; 14.553 ; 14.553 ; 14.553 ; 14.553 ;
; SW[15]     ; HEX4[4]     ; 14.600 ; 14.600 ; 14.600 ; 14.600 ;
; SW[15]     ; HEX4[5]     ; 14.609 ; 14.609 ; 14.609 ; 14.609 ;
; SW[15]     ; HEX4[6]     ; 14.610 ; 14.610 ; 14.610 ; 14.610 ;
; SW[15]     ; HEX5[0]     ; 13.632 ;        ;        ; 13.632 ;
; SW[15]     ; HEX5[3]     ; 13.346 ;        ;        ; 13.346 ;
; SW[15]     ; HEX5[4]     ; 13.326 ;        ;        ; 13.326 ;
; SW[15]     ; HEX5[5]     ; 13.326 ;        ;        ; 13.326 ;
; SW[15]     ; LEDR[15]    ; 9.838  ;        ;        ; 9.838  ;
; SW[16]     ; HEX2[0]     ; 11.199 ; 11.199 ; 11.199 ; 11.199 ;
; SW[16]     ; HEX2[1]     ; 10.895 ;        ;        ; 10.895 ;
; SW[16]     ; HEX2[2]     ; 10.929 ; 10.929 ; 10.929 ; 10.929 ;
; SW[16]     ; HEX2[3]     ; 10.897 ; 10.897 ; 10.897 ; 10.897 ;
; SW[16]     ; HEX2[4]     ; 11.206 ; 11.206 ; 11.206 ; 11.206 ;
; SW[16]     ; HEX2[5]     ; 11.197 ; 11.197 ; 11.197 ; 11.197 ;
; SW[16]     ; HEX2[6]     ; 11.081 ; 11.081 ; 11.081 ; 11.081 ;
; SW[16]     ; HEX4[0]     ; 14.029 ; 14.029 ; 14.029 ; 14.029 ;
; SW[16]     ; HEX4[1]     ; 14.052 ; 14.052 ; 14.052 ; 14.052 ;
; SW[16]     ; HEX4[2]     ; 13.925 ; 13.925 ; 13.925 ; 13.925 ;
; SW[16]     ; HEX4[3]     ; 14.014 ; 14.014 ; 14.014 ; 14.014 ;
; SW[16]     ; HEX4[4]     ; 14.061 ; 14.061 ; 14.061 ; 14.061 ;
; SW[16]     ; HEX4[5]     ; 14.070 ; 14.070 ; 14.070 ; 14.070 ;
; SW[16]     ; HEX4[6]     ; 14.071 ; 14.071 ; 14.071 ; 14.071 ;
; SW[16]     ; HEX5[0]     ; 13.093 ;        ;        ; 13.093 ;
; SW[16]     ; HEX5[3]     ; 12.807 ;        ;        ; 12.807 ;
; SW[16]     ; HEX5[4]     ; 12.787 ;        ;        ; 12.787 ;
; SW[16]     ; HEX5[5]     ; 12.787 ;        ;        ; 12.787 ;
; SW[16]     ; LEDR[16]    ; 9.822  ;        ;        ; 9.822  ;
; SW[17]     ; HEX2[0]     ; 11.021 ; 11.021 ; 11.021 ; 11.021 ;
; SW[17]     ; HEX2[1]     ; 10.712 ; 10.712 ; 10.712 ; 10.712 ;
; SW[17]     ; HEX2[2]     ; 10.750 ; 10.750 ; 10.750 ; 10.750 ;
; SW[17]     ; HEX2[3]     ; 10.717 ; 10.717 ; 10.717 ; 10.717 ;
; SW[17]     ; HEX2[4]     ;        ; 11.023 ; 11.023 ;        ;
; SW[17]     ; HEX2[5]     ; 11.021 ; 11.021 ; 11.021 ; 11.021 ;
; SW[17]     ; HEX2[6]     ; 10.899 ; 10.899 ; 10.899 ; 10.899 ;
; SW[17]     ; HEX4[0]     ; 14.298 ; 14.298 ; 14.298 ; 14.298 ;
; SW[17]     ; HEX4[1]     ; 14.321 ; 14.321 ; 14.321 ; 14.321 ;
; SW[17]     ; HEX4[2]     ; 14.194 ; 14.194 ; 14.194 ; 14.194 ;
; SW[17]     ; HEX4[3]     ; 14.283 ; 14.283 ; 14.283 ; 14.283 ;
; SW[17]     ; HEX4[4]     ; 14.330 ; 14.330 ; 14.330 ; 14.330 ;
; SW[17]     ; HEX4[5]     ; 14.339 ; 14.339 ; 14.339 ; 14.339 ;
; SW[17]     ; HEX4[6]     ; 14.340 ; 14.340 ; 14.340 ; 14.340 ;
; SW[17]     ; HEX5[0]     ; 13.674 ;        ;        ; 13.674 ;
; SW[17]     ; HEX5[3]     ; 13.388 ;        ;        ; 13.388 ;
; SW[17]     ; HEX5[4]     ; 13.368 ;        ;        ; 13.368 ;
; SW[17]     ; HEX5[5]     ; 13.368 ;        ;        ; 13.368 ;
; SW[17]     ; LEDR[17]    ; 9.822  ;        ;        ; 9.822  ;
+------------+-------------+--------+--------+--------+--------+


+--------------------------------------------------------------+
; Minimum Propagation Delay                                    ;
+------------+-------------+--------+--------+--------+--------+
; Input Port ; Output Port ; RR     ; RF     ; FR     ; FF     ;
+------------+-------------+--------+--------+--------+--------+
; SW[0]      ; HEX0[0]     ; 7.140  ; 7.140  ; 7.140  ; 7.140  ;
; SW[0]      ; HEX0[1]     ; 7.115  ; 7.115  ; 7.115  ; 7.115  ;
; SW[0]      ; HEX0[2]     ;        ; 7.114  ; 7.114  ;        ;
; SW[0]      ; HEX0[3]     ; 6.891  ; 6.891  ; 6.891  ; 6.891  ;
; SW[0]      ; HEX0[4]     ; 6.891  ;        ;        ; 6.891  ;
; SW[0]      ; HEX0[5]     ; 6.874  ;        ;        ; 6.874  ;
; SW[0]      ; HEX0[6]     ; 6.879  ; 6.879  ; 6.879  ; 6.879  ;
; SW[0]      ; HEX4[0]     ; 9.429  ; 9.429  ; 9.429  ; 9.429  ;
; SW[0]      ; HEX4[1]     ; 9.446  ; 9.446  ; 9.446  ; 9.446  ;
; SW[0]      ; HEX4[2]     ; 9.296  ; 9.296  ; 9.296  ; 9.296  ;
; SW[0]      ; HEX4[3]     ; 9.438  ; 9.438  ; 9.438  ; 9.438  ;
; SW[0]      ; HEX4[4]     ; 9.463  ; 9.463  ; 9.463  ; 9.463  ;
; SW[0]      ; HEX4[5]     ; 9.469  ; 9.469  ; 9.469  ; 9.469  ;
; SW[0]      ; HEX4[6]     ; 9.471  ; 9.471  ; 9.471  ; 9.471  ;
; SW[0]      ; HEX5[0]     ; 9.498  ;        ;        ; 9.498  ;
; SW[0]      ; HEX5[3]     ; 9.212  ;        ;        ; 9.212  ;
; SW[0]      ; HEX5[4]     ; 9.192  ;        ;        ; 9.192  ;
; SW[0]      ; HEX5[5]     ; 9.192  ;        ;        ; 9.192  ;
; SW[0]      ; LEDR[0]     ; 5.976  ;        ;        ; 5.976  ;
; SW[1]      ; HEX0[0]     ; 7.461  ; 7.461  ; 7.461  ; 7.461  ;
; SW[1]      ; HEX0[1]     ; 7.437  ; 7.437  ; 7.437  ; 7.437  ;
; SW[1]      ; HEX0[2]     ; 7.431  ;        ;        ; 7.431  ;
; SW[1]      ; HEX0[3]     ; 7.213  ; 7.213  ; 7.213  ; 7.213  ;
; SW[1]      ; HEX0[4]     ;        ; 7.210  ; 7.210  ;        ;
; SW[1]      ; HEX0[5]     ; 7.192  ; 7.192  ; 7.192  ; 7.192  ;
; SW[1]      ; HEX0[6]     ; 7.195  ; 7.195  ; 7.195  ; 7.195  ;
; SW[1]      ; HEX4[0]     ; 9.878  ; 9.878  ; 9.878  ; 9.878  ;
; SW[1]      ; HEX4[1]     ; 9.892  ; 9.892  ; 9.892  ; 9.892  ;
; SW[1]      ; HEX4[2]     ; 9.777  ; 9.777  ; 9.777  ; 9.777  ;
; SW[1]      ; HEX4[3]     ; 9.881  ; 9.881  ; 9.881  ; 9.881  ;
; SW[1]      ; HEX4[4]     ; 9.901  ; 9.901  ; 9.901  ; 9.901  ;
; SW[1]      ; HEX4[5]     ; 9.919  ; 9.919  ; 9.919  ; 9.919  ;
; SW[1]      ; HEX4[6]     ; 9.921  ; 9.921  ; 9.921  ; 9.921  ;
; SW[1]      ; HEX5[0]     ; 9.566  ;        ;        ; 9.566  ;
; SW[1]      ; HEX5[3]     ; 9.280  ;        ;        ; 9.280  ;
; SW[1]      ; HEX5[4]     ; 9.260  ;        ;        ; 9.260  ;
; SW[1]      ; HEX5[5]     ; 9.260  ;        ;        ; 9.260  ;
; SW[1]      ; LEDR[1]     ; 6.485  ;        ;        ; 6.485  ;
; SW[2]      ; HEX0[0]     ; 6.992  ; 6.992  ; 6.992  ; 6.992  ;
; SW[2]      ; HEX0[1]     ; 6.969  ;        ;        ; 6.969  ;
; SW[2]      ; HEX0[2]     ; 6.966  ; 6.966  ; 6.966  ; 6.966  ;
; SW[2]      ; HEX0[3]     ; 6.744  ; 6.744  ; 6.744  ; 6.744  ;
; SW[2]      ; HEX0[4]     ; 6.746  ; 6.746  ; 6.746  ; 6.746  ;
; SW[2]      ; HEX0[5]     ; 6.727  ; 6.727  ; 6.727  ; 6.727  ;
; SW[2]      ; HEX0[6]     ; 6.730  ; 6.730  ; 6.730  ; 6.730  ;
; SW[2]      ; HEX4[0]     ; 9.300  ; 9.300  ; 9.300  ; 9.300  ;
; SW[2]      ; HEX4[1]     ; 9.314  ; 9.314  ; 9.314  ; 9.314  ;
; SW[2]      ; HEX4[2]     ; 9.199  ; 9.199  ; 9.199  ; 9.199  ;
; SW[2]      ; HEX4[3]     ; 9.303  ; 9.303  ; 9.303  ; 9.303  ;
; SW[2]      ; HEX4[4]     ; 9.323  ; 9.323  ; 9.323  ; 9.323  ;
; SW[2]      ; HEX4[5]     ; 9.341  ; 9.341  ; 9.341  ; 9.341  ;
; SW[2]      ; HEX4[6]     ; 9.343  ; 9.343  ; 9.343  ; 9.343  ;
; SW[2]      ; HEX5[0]     ; 9.304  ;        ;        ; 9.304  ;
; SW[2]      ; HEX5[3]     ; 9.018  ;        ;        ; 9.018  ;
; SW[2]      ; HEX5[4]     ; 8.998  ;        ;        ; 8.998  ;
; SW[2]      ; HEX5[5]     ; 8.998  ;        ;        ; 8.998  ;
; SW[2]      ; LEDR[2]     ; 5.135  ;        ;        ; 5.135  ;
; SW[3]      ; HEX0[0]     ; 6.359  ; 6.359  ; 6.359  ; 6.359  ;
; SW[3]      ; HEX0[1]     ; 6.335  ; 6.335  ; 6.335  ; 6.335  ;
; SW[3]      ; HEX0[2]     ; 6.305  ; 6.305  ; 6.305  ; 6.305  ;
; SW[3]      ; HEX0[3]     ; 6.109  ; 6.109  ; 6.109  ; 6.109  ;
; SW[3]      ; HEX0[4]     ;        ; 6.112  ; 6.112  ;        ;
; SW[3]      ; HEX0[5]     ; 6.069  ; 6.069  ; 6.069  ; 6.069  ;
; SW[3]      ; HEX0[6]     ; 6.084  ; 6.084  ; 6.084  ; 6.084  ;
; SW[3]      ; HEX4[0]     ; 8.943  ; 8.943  ; 8.943  ; 8.943  ;
; SW[3]      ; HEX4[1]     ; 8.966  ; 8.966  ; 8.966  ; 8.966  ;
; SW[3]      ; HEX4[2]     ; 8.839  ; 8.839  ; 8.839  ; 8.839  ;
; SW[3]      ; HEX4[3]     ; 8.928  ; 8.928  ; 8.928  ; 8.928  ;
; SW[3]      ; HEX4[4]     ; 8.975  ; 8.975  ; 8.975  ; 8.975  ;
; SW[3]      ; HEX4[5]     ; 8.984  ; 8.984  ; 8.984  ; 8.984  ;
; SW[3]      ; HEX4[6]     ; 8.985  ; 8.985  ; 8.985  ; 8.985  ;
; SW[3]      ; HEX5[0]     ; 8.322  ;        ;        ; 8.322  ;
; SW[3]      ; HEX5[3]     ; 8.036  ;        ;        ; 8.036  ;
; SW[3]      ; HEX5[4]     ; 8.016  ;        ;        ; 8.016  ;
; SW[3]      ; HEX5[5]     ; 8.016  ;        ;        ; 8.016  ;
; SW[3]      ; LEDR[3]     ; 5.783  ;        ;        ; 5.783  ;
; SW[4]      ; LEDR[4]     ; 5.280  ;        ;        ; 5.280  ;
; SW[5]      ; LEDR[5]     ; 5.702  ;        ;        ; 5.702  ;
; SW[6]      ; LEDR[6]     ; 5.338  ;        ;        ; 5.338  ;
; SW[7]      ; LEDR[7]     ; 6.279  ;        ;        ; 6.279  ;
; SW[8]      ; LEDR[8]     ; 5.868  ;        ;        ; 5.868  ;
; SW[9]      ; LEDR[9]     ; 6.210  ;        ;        ; 6.210  ;
; SW[10]     ; HEX4[0]     ; 9.664  ; 9.664  ; 9.664  ; 9.664  ;
; SW[10]     ; HEX4[1]     ; 9.681  ; 9.681  ; 9.681  ; 9.681  ;
; SW[10]     ; HEX4[2]     ; 9.531  ; 9.531  ; 9.531  ; 9.531  ;
; SW[10]     ; HEX4[3]     ; 9.673  ; 9.673  ; 9.673  ; 9.673  ;
; SW[10]     ; HEX4[4]     ; 9.698  ; 9.698  ; 9.698  ; 9.698  ;
; SW[10]     ; HEX4[5]     ; 9.704  ; 9.704  ; 9.704  ; 9.704  ;
; SW[10]     ; HEX4[6]     ; 9.706  ; 9.706  ; 9.706  ; 9.706  ;
; SW[10]     ; HEX5[0]     ; 9.418  ;        ;        ; 9.418  ;
; SW[10]     ; HEX5[3]     ; 9.132  ;        ;        ; 9.132  ;
; SW[10]     ; HEX5[4]     ; 9.112  ;        ;        ; 9.112  ;
; SW[10]     ; HEX5[5]     ; 9.112  ;        ;        ; 9.112  ;
; SW[10]     ; LEDR[10]    ; 5.682  ;        ;        ; 5.682  ;
; SW[11]     ; LEDR[11]    ; 5.638  ;        ;        ; 5.638  ;
; SW[12]     ; LEDR[12]    ; 5.696  ;        ;        ; 5.696  ;
; SW[13]     ; LEDR[13]    ; 9.598  ;        ;        ; 9.598  ;
; SW[14]     ; HEX2[0]     ; 11.175 ; 11.175 ; 11.175 ; 11.175 ;
; SW[14]     ; HEX2[1]     ; 10.854 ; 10.854 ; 10.854 ; 10.854 ;
; SW[14]     ; HEX2[2]     ;        ; 10.865 ; 10.865 ;        ;
; SW[14]     ; HEX2[3]     ; 10.871 ; 10.871 ; 10.871 ; 10.871 ;
; SW[14]     ; HEX2[4]     ; 11.169 ;        ;        ; 11.169 ;
; SW[14]     ; HEX2[5]     ; 11.176 ;        ;        ; 11.176 ;
; SW[14]     ; HEX2[6]     ; 11.059 ; 11.059 ; 11.059 ; 11.059 ;
; SW[14]     ; HEX4[0]     ; 13.542 ; 13.542 ; 13.542 ; 13.542 ;
; SW[14]     ; HEX4[1]     ; 13.559 ; 13.559 ; 13.559 ; 13.559 ;
; SW[14]     ; HEX4[2]     ; 13.409 ; 13.409 ; 13.409 ; 13.409 ;
; SW[14]     ; HEX4[3]     ; 13.551 ; 13.551 ; 13.551 ; 13.551 ;
; SW[14]     ; HEX4[4]     ; 13.576 ; 13.576 ; 13.576 ; 13.576 ;
; SW[14]     ; HEX4[5]     ; 13.582 ; 13.582 ; 13.582 ; 13.582 ;
; SW[14]     ; HEX4[6]     ; 13.584 ; 13.584 ; 13.584 ; 13.584 ;
; SW[14]     ; HEX5[0]     ; 13.612 ;        ;        ; 13.612 ;
; SW[14]     ; HEX5[3]     ; 13.326 ;        ;        ; 13.326 ;
; SW[14]     ; HEX5[4]     ; 13.306 ;        ;        ; 13.306 ;
; SW[14]     ; HEX5[5]     ; 13.306 ;        ;        ; 13.306 ;
; SW[14]     ; LEDR[14]    ; 9.868  ;        ;        ; 9.868  ;
; SW[15]     ; HEX2[0]     ; 10.866 ; 10.866 ; 10.866 ; 10.866 ;
; SW[15]     ; HEX2[1]     ; 10.553 ; 10.553 ; 10.553 ; 10.553 ;
; SW[15]     ; HEX2[2]     ; 10.592 ;        ;        ; 10.592 ;
; SW[15]     ; HEX2[3]     ; 10.559 ; 10.559 ; 10.559 ; 10.559 ;
; SW[15]     ; HEX2[4]     ;        ; 10.864 ; 10.864 ;        ;
; SW[15]     ; HEX2[5]     ; 10.864 ; 10.864 ; 10.864 ; 10.864 ;
; SW[15]     ; HEX2[6]     ; 10.747 ; 10.747 ; 10.747 ; 10.747 ;
; SW[15]     ; HEX4[0]     ; 13.944 ; 13.944 ; 13.944 ; 13.944 ;
; SW[15]     ; HEX4[1]     ; 13.958 ; 13.958 ; 13.958 ; 13.958 ;
; SW[15]     ; HEX4[2]     ; 13.843 ; 13.843 ; 13.843 ; 13.843 ;
; SW[15]     ; HEX4[3]     ; 13.947 ; 13.947 ; 13.947 ; 13.947 ;
; SW[15]     ; HEX4[4]     ; 13.967 ; 13.967 ; 13.967 ; 13.967 ;
; SW[15]     ; HEX4[5]     ; 13.985 ; 13.985 ; 13.985 ; 13.985 ;
; SW[15]     ; HEX4[6]     ; 13.987 ; 13.987 ; 13.987 ; 13.987 ;
; SW[15]     ; HEX5[0]     ; 13.632 ;        ;        ; 13.632 ;
; SW[15]     ; HEX5[3]     ; 13.346 ;        ;        ; 13.346 ;
; SW[15]     ; HEX5[4]     ; 13.326 ;        ;        ; 13.326 ;
; SW[15]     ; HEX5[5]     ; 13.326 ;        ;        ; 13.326 ;
; SW[15]     ; LEDR[15]    ; 9.838  ;        ;        ; 9.838  ;
; SW[16]     ; HEX2[0]     ; 11.199 ; 11.199 ; 11.199 ; 11.199 ;
; SW[16]     ; HEX2[1]     ; 10.895 ;        ;        ; 10.895 ;
; SW[16]     ; HEX2[2]     ; 10.929 ; 10.929 ; 10.929 ; 10.929 ;
; SW[16]     ; HEX2[3]     ; 10.897 ; 10.897 ; 10.897 ; 10.897 ;
; SW[16]     ; HEX2[4]     ; 11.206 ; 11.206 ; 11.206 ; 11.206 ;
; SW[16]     ; HEX2[5]     ; 11.197 ; 11.197 ; 11.197 ; 11.197 ;
; SW[16]     ; HEX2[6]     ; 11.081 ; 11.081 ; 11.081 ; 11.081 ;
; SW[16]     ; HEX4[0]     ; 13.090 ; 13.090 ; 13.090 ; 13.090 ;
; SW[16]     ; HEX4[1]     ; 13.104 ; 13.104 ; 13.104 ; 13.104 ;
; SW[16]     ; HEX4[2]     ; 12.989 ; 12.989 ; 12.989 ; 12.989 ;
; SW[16]     ; HEX4[3]     ; 13.093 ; 13.093 ; 13.093 ; 13.093 ;
; SW[16]     ; HEX4[4]     ; 13.113 ; 13.113 ; 13.113 ; 13.113 ;
; SW[16]     ; HEX4[5]     ; 13.131 ; 13.131 ; 13.131 ; 13.131 ;
; SW[16]     ; HEX4[6]     ; 13.133 ; 13.133 ; 13.133 ; 13.133 ;
; SW[16]     ; HEX5[0]     ; 13.093 ;        ;        ; 13.093 ;
; SW[16]     ; HEX5[3]     ; 12.807 ;        ;        ; 12.807 ;
; SW[16]     ; HEX5[4]     ; 12.787 ;        ;        ; 12.787 ;
; SW[16]     ; HEX5[5]     ; 12.787 ;        ;        ; 12.787 ;
; SW[16]     ; LEDR[16]    ; 9.822  ;        ;        ; 9.822  ;
; SW[17]     ; HEX2[0]     ; 11.021 ; 11.021 ; 11.021 ; 11.021 ;
; SW[17]     ; HEX2[1]     ; 10.712 ; 10.712 ; 10.712 ; 10.712 ;
; SW[17]     ; HEX2[2]     ; 10.750 ; 10.750 ; 10.750 ; 10.750 ;
; SW[17]     ; HEX2[3]     ; 10.717 ; 10.717 ; 10.717 ; 10.717 ;
; SW[17]     ; HEX2[4]     ;        ; 11.023 ; 11.023 ;        ;
; SW[17]     ; HEX2[5]     ; 11.021 ; 11.021 ; 11.021 ; 11.021 ;
; SW[17]     ; HEX2[6]     ; 10.899 ; 10.899 ; 10.899 ; 10.899 ;
; SW[17]     ; HEX4[0]     ; 14.298 ; 14.298 ; 14.298 ; 14.298 ;
; SW[17]     ; HEX4[1]     ; 14.321 ; 14.321 ; 14.321 ; 14.321 ;
; SW[17]     ; HEX4[2]     ; 14.194 ; 14.194 ; 14.194 ; 14.194 ;
; SW[17]     ; HEX4[3]     ; 14.283 ; 14.283 ; 14.283 ; 14.283 ;
; SW[17]     ; HEX4[4]     ; 14.330 ; 14.330 ; 14.330 ; 14.330 ;
; SW[17]     ; HEX4[5]     ; 14.339 ; 14.339 ; 14.339 ; 14.339 ;
; SW[17]     ; HEX4[6]     ; 14.340 ; 14.340 ; 14.340 ; 14.340 ;
; SW[17]     ; HEX5[0]     ; 13.674 ;        ;        ; 13.674 ;
; SW[17]     ; HEX5[3]     ; 13.388 ;        ;        ; 13.388 ;
; SW[17]     ; HEX5[4]     ; 13.368 ;        ;        ; 13.368 ;
; SW[17]     ; HEX5[5]     ; 13.368 ;        ;        ; 13.368 ;
; SW[17]     ; LEDR[17]    ; 9.822  ;        ;        ; 9.822  ;
+------------+-------------+--------+--------+--------+--------+


----------------------------
; Fast Model Setup Summary ;
----------------------------
No paths to report.


---------------------------
; Fast Model Hold Summary ;
---------------------------
No paths to report.


-------------------------------
; Fast Model Recovery Summary ;
-------------------------------
No paths to report.


------------------------------
; Fast Model Removal Summary ;
------------------------------
No paths to report.


------------------------------------------
; Fast Model Minimum Pulse Width Summary ;
------------------------------------------
No paths to report.


+----------------------------------------------------------+
; Propagation Delay                                        ;
+------------+-------------+-------+-------+-------+-------+
; Input Port ; Output Port ; RR    ; RF    ; FR    ; FF    ;
+------------+-------------+-------+-------+-------+-------+
; SW[0]      ; HEX0[0]     ; 3.781 ; 3.781 ; 3.781 ; 3.781 ;
; SW[0]      ; HEX0[1]     ; 3.752 ; 3.752 ; 3.752 ; 3.752 ;
; SW[0]      ; HEX0[2]     ;       ; 3.757 ; 3.757 ;       ;
; SW[0]      ; HEX0[3]     ; 3.661 ; 3.661 ; 3.661 ; 3.661 ;
; SW[0]      ; HEX0[4]     ; 3.662 ;       ;       ; 3.662 ;
; SW[0]      ; HEX0[5]     ; 3.655 ;       ;       ; 3.655 ;
; SW[0]      ; HEX0[6]     ; 3.654 ; 3.654 ; 3.654 ; 3.654 ;
; SW[0]      ; HEX4[0]     ; 5.207 ; 5.207 ; 5.207 ; 5.207 ;
; SW[0]      ; HEX4[1]     ; 5.215 ; 5.215 ; 5.215 ; 5.215 ;
; SW[0]      ; HEX4[2]     ; 5.156 ; 5.156 ; 5.156 ; 5.156 ;
; SW[0]      ; HEX4[3]     ; 5.205 ; 5.205 ; 5.205 ; 5.205 ;
; SW[0]      ; HEX4[4]     ; 5.226 ; 5.226 ; 5.226 ; 5.226 ;
; SW[0]      ; HEX4[5]     ; 5.228 ; 5.228 ; 5.228 ; 5.228 ;
; SW[0]      ; HEX4[6]     ; 5.230 ; 5.230 ; 5.230 ; 5.230 ;
; SW[0]      ; HEX5[0]     ; 4.835 ;       ;       ; 4.835 ;
; SW[0]      ; HEX5[3]     ; 4.707 ;       ;       ; 4.707 ;
; SW[0]      ; HEX5[4]     ; 4.687 ;       ;       ; 4.687 ;
; SW[0]      ; HEX5[5]     ; 4.687 ;       ;       ; 4.687 ;
; SW[0]      ; LEDR[0]     ; 3.236 ;       ;       ; 3.236 ;
; SW[1]      ; HEX0[0]     ; 3.923 ; 3.923 ; 3.923 ; 3.923 ;
; SW[1]      ; HEX0[1]     ; 3.894 ; 3.894 ; 3.894 ; 3.894 ;
; SW[1]      ; HEX0[2]     ; 3.897 ;       ;       ; 3.897 ;
; SW[1]      ; HEX0[3]     ; 3.803 ; 3.803 ; 3.803 ; 3.803 ;
; SW[1]      ; HEX0[4]     ;       ; 3.803 ; 3.803 ;       ;
; SW[1]      ; HEX0[5]     ; 3.792 ; 3.792 ; 3.792 ; 3.792 ;
; SW[1]      ; HEX0[6]     ; 3.790 ; 3.790 ; 3.790 ; 3.790 ;
; SW[1]      ; HEX4[0]     ; 5.225 ; 5.225 ; 5.225 ; 5.225 ;
; SW[1]      ; HEX4[1]     ; 5.233 ; 5.233 ; 5.233 ; 5.233 ;
; SW[1]      ; HEX4[2]     ; 5.174 ; 5.174 ; 5.174 ; 5.174 ;
; SW[1]      ; HEX4[3]     ; 5.223 ; 5.223 ; 5.223 ; 5.223 ;
; SW[1]      ; HEX4[4]     ; 5.244 ; 5.244 ; 5.244 ; 5.244 ;
; SW[1]      ; HEX4[5]     ; 5.246 ; 5.246 ; 5.246 ; 5.246 ;
; SW[1]      ; HEX4[6]     ; 5.248 ; 5.248 ; 5.248 ; 5.248 ;
; SW[1]      ; HEX5[0]     ; 4.853 ;       ;       ; 4.853 ;
; SW[1]      ; HEX5[3]     ; 4.725 ;       ;       ; 4.725 ;
; SW[1]      ; HEX5[4]     ; 4.705 ;       ;       ; 4.705 ;
; SW[1]      ; HEX5[5]     ; 4.705 ;       ;       ; 4.705 ;
; SW[1]      ; LEDR[1]     ; 3.511 ;       ;       ; 3.511 ;
; SW[2]      ; HEX0[0]     ; 3.712 ; 3.712 ; 3.712 ; 3.712 ;
; SW[2]      ; HEX0[1]     ; 3.684 ;       ;       ; 3.684 ;
; SW[2]      ; HEX0[2]     ; 3.684 ; 3.684 ; 3.684 ; 3.684 ;
; SW[2]      ; HEX0[3]     ; 3.593 ; 3.593 ; 3.593 ; 3.593 ;
; SW[2]      ; HEX0[4]     ; 3.593 ; 3.593 ; 3.593 ; 3.593 ;
; SW[2]      ; HEX0[5]     ; 3.579 ; 3.579 ; 3.579 ; 3.579 ;
; SW[2]      ; HEX0[6]     ; 3.584 ; 3.584 ; 3.584 ; 3.584 ;
; SW[2]      ; HEX4[0]     ; 5.101 ; 5.101 ; 5.101 ; 5.101 ;
; SW[2]      ; HEX4[1]     ; 5.109 ; 5.109 ; 5.109 ; 5.109 ;
; SW[2]      ; HEX4[2]     ; 5.050 ; 5.050 ; 5.050 ; 5.050 ;
; SW[2]      ; HEX4[3]     ; 5.099 ; 5.099 ; 5.099 ; 5.099 ;
; SW[2]      ; HEX4[4]     ; 5.120 ; 5.120 ; 5.120 ; 5.120 ;
; SW[2]      ; HEX4[5]     ; 5.122 ; 5.122 ; 5.122 ; 5.122 ;
; SW[2]      ; HEX4[6]     ; 5.124 ; 5.124 ; 5.124 ; 5.124 ;
; SW[2]      ; HEX5[0]     ; 4.729 ;       ;       ; 4.729 ;
; SW[2]      ; HEX5[3]     ; 4.601 ;       ;       ; 4.601 ;
; SW[2]      ; HEX5[4]     ; 4.581 ;       ;       ; 4.581 ;
; SW[2]      ; HEX5[5]     ; 4.581 ;       ;       ; 4.581 ;
; SW[2]      ; LEDR[2]     ; 2.794 ;       ;       ; 2.794 ;
; SW[3]      ; HEX0[0]     ; 3.293 ; 3.293 ; 3.293 ; 3.293 ;
; SW[3]      ; HEX0[1]     ; 3.265 ; 3.265 ; 3.265 ; 3.265 ;
; SW[3]      ; HEX0[2]     ; 3.273 ; 3.273 ; 3.273 ; 3.273 ;
; SW[3]      ; HEX0[3]     ; 3.174 ; 3.174 ; 3.174 ; 3.174 ;
; SW[3]      ; HEX0[4]     ;       ; 3.173 ; 3.173 ;       ;
; SW[3]      ; HEX0[5]     ; 3.161 ; 3.161 ; 3.161 ; 3.161 ;
; SW[3]      ; HEX0[6]     ; 3.154 ; 3.154 ; 3.154 ; 3.154 ;
; SW[3]      ; HEX4[0]     ; 4.420 ; 4.420 ; 4.420 ; 4.420 ;
; SW[3]      ; HEX4[1]     ; 4.428 ; 4.428 ; 4.428 ; 4.428 ;
; SW[3]      ; HEX4[2]     ; 4.369 ; 4.369 ; 4.369 ; 4.369 ;
; SW[3]      ; HEX4[3]     ; 4.418 ; 4.418 ; 4.418 ; 4.418 ;
; SW[3]      ; HEX4[4]     ; 4.439 ; 4.439 ; 4.439 ; 4.439 ;
; SW[3]      ; HEX4[5]     ; 4.441 ; 4.441 ; 4.441 ; 4.441 ;
; SW[3]      ; HEX4[6]     ; 4.443 ; 4.443 ; 4.443 ; 4.443 ;
; SW[3]      ; HEX5[0]     ; 4.153 ;       ;       ; 4.153 ;
; SW[3]      ; HEX5[3]     ; 4.025 ;       ;       ; 4.025 ;
; SW[3]      ; HEX5[4]     ; 4.005 ;       ;       ; 4.005 ;
; SW[3]      ; HEX5[5]     ; 4.005 ;       ;       ; 4.005 ;
; SW[3]      ; LEDR[3]     ; 3.090 ;       ;       ; 3.090 ;
; SW[4]      ; LEDR[4]     ; 2.842 ;       ;       ; 2.842 ;
; SW[5]      ; LEDR[5]     ; 3.060 ;       ;       ; 3.060 ;
; SW[6]      ; LEDR[6]     ; 2.870 ;       ;       ; 2.870 ;
; SW[7]      ; LEDR[7]     ; 3.431 ;       ;       ; 3.431 ;
; SW[8]      ; LEDR[8]     ; 3.208 ;       ;       ; 3.208 ;
; SW[9]      ; LEDR[9]     ; 3.381 ;       ;       ; 3.381 ;
; SW[10]     ; HEX4[0]     ; 5.136 ; 5.136 ; 5.136 ; 5.136 ;
; SW[10]     ; HEX4[1]     ; 5.144 ; 5.144 ; 5.144 ; 5.144 ;
; SW[10]     ; HEX4[2]     ; 5.085 ; 5.085 ; 5.085 ; 5.085 ;
; SW[10]     ; HEX4[3]     ; 5.134 ; 5.134 ; 5.134 ; 5.134 ;
; SW[10]     ; HEX4[4]     ; 5.155 ; 5.155 ; 5.155 ; 5.155 ;
; SW[10]     ; HEX4[5]     ; 5.157 ; 5.157 ; 5.157 ; 5.157 ;
; SW[10]     ; HEX4[6]     ; 5.159 ; 5.159 ; 5.159 ; 5.159 ;
; SW[10]     ; HEX5[0]     ; 4.764 ;       ;       ; 4.764 ;
; SW[10]     ; HEX5[3]     ; 4.636 ;       ;       ; 4.636 ;
; SW[10]     ; HEX5[4]     ; 4.616 ;       ;       ; 4.616 ;
; SW[10]     ; HEX5[5]     ; 4.616 ;       ;       ; 4.616 ;
; SW[10]     ; LEDR[10]    ; 3.099 ;       ;       ; 3.099 ;
; SW[11]     ; LEDR[11]    ; 3.065 ;       ;       ; 3.065 ;
; SW[12]     ; LEDR[12]    ; 3.108 ;       ;       ; 3.108 ;
; SW[13]     ; LEDR[13]    ; 5.493 ;       ;       ; 5.493 ;
; SW[14]     ; HEX2[0]     ; 6.174 ; 6.174 ; 6.174 ; 6.174 ;
; SW[14]     ; HEX2[1]     ; 6.004 ; 6.004 ; 6.004 ; 6.004 ;
; SW[14]     ; HEX2[2]     ;       ; 6.042 ; 6.042 ;       ;
; SW[14]     ; HEX2[3]     ; 6.036 ; 6.036 ; 6.036 ; 6.036 ;
; SW[14]     ; HEX2[4]     ; 6.168 ;       ;       ; 6.168 ;
; SW[14]     ; HEX2[5]     ; 6.169 ;       ;       ; 6.169 ;
; SW[14]     ; HEX2[6]     ; 6.108 ; 6.108 ; 6.108 ; 6.108 ;
; SW[14]     ; HEX4[0]     ; 7.646 ; 7.646 ; 7.646 ; 7.646 ;
; SW[14]     ; HEX4[1]     ; 7.654 ; 7.654 ; 7.654 ; 7.654 ;
; SW[14]     ; HEX4[2]     ; 7.595 ; 7.595 ; 7.595 ; 7.595 ;
; SW[14]     ; HEX4[3]     ; 7.644 ; 7.644 ; 7.644 ; 7.644 ;
; SW[14]     ; HEX4[4]     ; 7.665 ; 7.665 ; 7.665 ; 7.665 ;
; SW[14]     ; HEX4[5]     ; 7.667 ; 7.667 ; 7.667 ; 7.667 ;
; SW[14]     ; HEX4[6]     ; 7.669 ; 7.669 ; 7.669 ; 7.669 ;
; SW[14]     ; HEX5[0]     ; 7.274 ;       ;       ; 7.274 ;
; SW[14]     ; HEX5[3]     ; 7.146 ;       ;       ; 7.146 ;
; SW[14]     ; HEX5[4]     ; 7.126 ;       ;       ; 7.126 ;
; SW[14]     ; HEX5[5]     ; 7.126 ;       ;       ; 7.126 ;
; SW[14]     ; LEDR[14]    ; 5.616 ;       ;       ; 5.616 ;
; SW[15]     ; HEX2[0]     ; 6.034 ; 6.034 ; 6.034 ; 6.034 ;
; SW[15]     ; HEX2[1]     ; 5.879 ; 5.879 ; 5.879 ; 5.879 ;
; SW[15]     ; HEX2[2]     ; 5.918 ;       ;       ; 5.918 ;
; SW[15]     ; HEX2[3]     ; 5.906 ; 5.906 ; 5.906 ; 5.906 ;
; SW[15]     ; HEX2[4]     ;       ; 6.034 ; 6.034 ;       ;
; SW[15]     ; HEX2[5]     ; 6.036 ; 6.036 ; 6.036 ; 6.036 ;
; SW[15]     ; HEX2[6]     ; 5.975 ; 5.975 ; 5.975 ; 5.975 ;
; SW[15]     ; HEX4[0]     ; 7.648 ; 7.648 ; 7.648 ; 7.648 ;
; SW[15]     ; HEX4[1]     ; 7.656 ; 7.656 ; 7.656 ; 7.656 ;
; SW[15]     ; HEX4[2]     ; 7.597 ; 7.597 ; 7.597 ; 7.597 ;
; SW[15]     ; HEX4[3]     ; 7.646 ; 7.646 ; 7.646 ; 7.646 ;
; SW[15]     ; HEX4[4]     ; 7.667 ; 7.667 ; 7.667 ; 7.667 ;
; SW[15]     ; HEX4[5]     ; 7.669 ; 7.669 ; 7.669 ; 7.669 ;
; SW[15]     ; HEX4[6]     ; 7.671 ; 7.671 ; 7.671 ; 7.671 ;
; SW[15]     ; HEX5[0]     ; 7.276 ;       ;       ; 7.276 ;
; SW[15]     ; HEX5[3]     ; 7.148 ;       ;       ; 7.148 ;
; SW[15]     ; HEX5[4]     ; 7.128 ;       ;       ; 7.128 ;
; SW[15]     ; HEX5[5]     ; 7.128 ;       ;       ; 7.128 ;
; SW[15]     ; LEDR[15]    ; 5.598 ;       ;       ; 5.598 ;
; SW[16]     ; HEX2[0]     ; 6.206 ; 6.206 ; 6.206 ; 6.206 ;
; SW[16]     ; HEX2[1]     ; 6.054 ;       ;       ; 6.054 ;
; SW[16]     ; HEX2[2]     ; 6.090 ; 6.090 ; 6.090 ; 6.090 ;
; SW[16]     ; HEX2[3]     ; 6.074 ; 6.074 ; 6.074 ; 6.074 ;
; SW[16]     ; HEX2[4]     ; 6.209 ; 6.209 ; 6.209 ; 6.209 ;
; SW[16]     ; HEX2[5]     ; 6.200 ; 6.200 ; 6.200 ; 6.200 ;
; SW[16]     ; HEX2[6]     ; 6.139 ; 6.139 ; 6.139 ; 6.139 ;
; SW[16]     ; HEX4[0]     ; 7.421 ; 7.421 ; 7.421 ; 7.421 ;
; SW[16]     ; HEX4[1]     ; 7.429 ; 7.429 ; 7.429 ; 7.429 ;
; SW[16]     ; HEX4[2]     ; 7.370 ; 7.370 ; 7.370 ; 7.370 ;
; SW[16]     ; HEX4[3]     ; 7.419 ; 7.419 ; 7.419 ; 7.419 ;
; SW[16]     ; HEX4[4]     ; 7.440 ; 7.440 ; 7.440 ; 7.440 ;
; SW[16]     ; HEX4[5]     ; 7.442 ; 7.442 ; 7.442 ; 7.442 ;
; SW[16]     ; HEX4[6]     ; 7.444 ; 7.444 ; 7.444 ; 7.444 ;
; SW[16]     ; HEX5[0]     ; 7.049 ;       ;       ; 7.049 ;
; SW[16]     ; HEX5[3]     ; 6.921 ;       ;       ; 6.921 ;
; SW[16]     ; HEX5[4]     ; 6.901 ;       ;       ; 6.901 ;
; SW[16]     ; HEX5[5]     ; 6.901 ;       ;       ; 6.901 ;
; SW[16]     ; LEDR[16]    ; 5.599 ;       ;       ; 5.599 ;
; SW[17]     ; HEX2[0]     ; 6.136 ; 6.136 ; 6.136 ; 6.136 ;
; SW[17]     ; HEX2[1]     ; 5.980 ; 5.980 ; 5.980 ; 5.980 ;
; SW[17]     ; HEX2[2]     ; 6.020 ; 6.020 ; 6.020 ; 6.020 ;
; SW[17]     ; HEX2[3]     ; 6.003 ; 6.003 ; 6.003 ; 6.003 ;
; SW[17]     ; HEX2[4]     ;       ; 6.135 ; 6.135 ;       ;
; SW[17]     ; HEX2[5]     ; 6.136 ; 6.136 ; 6.136 ; 6.136 ;
; SW[17]     ; HEX2[6]     ; 6.075 ; 6.075 ; 6.075 ; 6.075 ;
; SW[17]     ; HEX4[0]     ; 7.561 ; 7.561 ; 7.561 ; 7.561 ;
; SW[17]     ; HEX4[1]     ; 7.569 ; 7.569 ; 7.569 ; 7.569 ;
; SW[17]     ; HEX4[2]     ; 7.510 ; 7.510 ; 7.510 ; 7.510 ;
; SW[17]     ; HEX4[3]     ; 7.559 ; 7.559 ; 7.559 ; 7.559 ;
; SW[17]     ; HEX4[4]     ; 7.580 ; 7.580 ; 7.580 ; 7.580 ;
; SW[17]     ; HEX4[5]     ; 7.582 ; 7.582 ; 7.582 ; 7.582 ;
; SW[17]     ; HEX4[6]     ; 7.584 ; 7.584 ; 7.584 ; 7.584 ;
; SW[17]     ; HEX5[0]     ; 7.292 ;       ;       ; 7.292 ;
; SW[17]     ; HEX5[3]     ; 7.164 ;       ;       ; 7.164 ;
; SW[17]     ; HEX5[4]     ; 7.144 ;       ;       ; 7.144 ;
; SW[17]     ; HEX5[5]     ; 7.144 ;       ;       ; 7.144 ;
; SW[17]     ; LEDR[17]    ; 5.604 ;       ;       ; 5.604 ;
+------------+-------------+-------+-------+-------+-------+


+----------------------------------------------------------+
; Minimum Propagation Delay                                ;
+------------+-------------+-------+-------+-------+-------+
; Input Port ; Output Port ; RR    ; RF    ; FR    ; FF    ;
+------------+-------------+-------+-------+-------+-------+
; SW[0]      ; HEX0[0]     ; 3.781 ; 3.781 ; 3.781 ; 3.781 ;
; SW[0]      ; HEX0[1]     ; 3.752 ; 3.752 ; 3.752 ; 3.752 ;
; SW[0]      ; HEX0[2]     ;       ; 3.757 ; 3.757 ;       ;
; SW[0]      ; HEX0[3]     ; 3.661 ; 3.661 ; 3.661 ; 3.661 ;
; SW[0]      ; HEX0[4]     ; 3.662 ;       ;       ; 3.662 ;
; SW[0]      ; HEX0[5]     ; 3.655 ;       ;       ; 3.655 ;
; SW[0]      ; HEX0[6]     ; 3.654 ; 3.654 ; 3.654 ; 3.654 ;
; SW[0]      ; HEX4[0]     ; 4.795 ; 4.795 ; 4.795 ; 4.795 ;
; SW[0]      ; HEX4[1]     ; 4.806 ; 4.806 ; 4.806 ; 4.806 ;
; SW[0]      ; HEX4[2]     ; 4.745 ; 4.745 ; 4.745 ; 4.745 ;
; SW[0]      ; HEX4[3]     ; 4.798 ; 4.798 ; 4.798 ; 4.798 ;
; SW[0]      ; HEX4[4]     ; 4.821 ; 4.821 ; 4.821 ; 4.821 ;
; SW[0]      ; HEX4[5]     ; 4.817 ; 4.817 ; 4.817 ; 4.817 ;
; SW[0]      ; HEX4[6]     ; 4.820 ; 4.820 ; 4.820 ; 4.820 ;
; SW[0]      ; HEX5[0]     ; 4.835 ;       ;       ; 4.835 ;
; SW[0]      ; HEX5[3]     ; 4.707 ;       ;       ; 4.707 ;
; SW[0]      ; HEX5[4]     ; 4.687 ;       ;       ; 4.687 ;
; SW[0]      ; HEX5[5]     ; 4.687 ;       ;       ; 4.687 ;
; SW[0]      ; LEDR[0]     ; 3.236 ;       ;       ; 3.236 ;
; SW[1]      ; HEX0[0]     ; 3.923 ; 3.923 ; 3.923 ; 3.923 ;
; SW[1]      ; HEX0[1]     ; 3.894 ; 3.894 ; 3.894 ; 3.894 ;
; SW[1]      ; HEX0[2]     ; 3.897 ;       ;       ; 3.897 ;
; SW[1]      ; HEX0[3]     ; 3.803 ; 3.803 ; 3.803 ; 3.803 ;
; SW[1]      ; HEX0[4]     ;       ; 3.803 ; 3.803 ;       ;
; SW[1]      ; HEX0[5]     ; 3.792 ; 3.792 ; 3.792 ; 3.792 ;
; SW[1]      ; HEX0[6]     ; 3.790 ; 3.790 ; 3.790 ; 3.790 ;
; SW[1]      ; HEX4[0]     ; 4.962 ; 4.962 ; 4.962 ; 4.962 ;
; SW[1]      ; HEX4[1]     ; 4.971 ; 4.971 ; 4.971 ; 4.971 ;
; SW[1]      ; HEX4[2]     ; 4.923 ; 4.923 ; 4.923 ; 4.923 ;
; SW[1]      ; HEX4[3]     ; 4.958 ; 4.958 ; 4.958 ; 4.958 ;
; SW[1]      ; HEX4[4]     ; 4.978 ; 4.978 ; 4.978 ; 4.978 ;
; SW[1]      ; HEX4[5]     ; 4.990 ; 4.990 ; 4.990 ; 4.990 ;
; SW[1]      ; HEX4[6]     ; 4.993 ; 4.993 ; 4.993 ; 4.993 ;
; SW[1]      ; HEX5[0]     ; 4.853 ;       ;       ; 4.853 ;
; SW[1]      ; HEX5[3]     ; 4.725 ;       ;       ; 4.725 ;
; SW[1]      ; HEX5[4]     ; 4.705 ;       ;       ; 4.705 ;
; SW[1]      ; HEX5[5]     ; 4.705 ;       ;       ; 4.705 ;
; SW[1]      ; LEDR[1]     ; 3.511 ;       ;       ; 3.511 ;
; SW[2]      ; HEX0[0]     ; 3.712 ; 3.712 ; 3.712 ; 3.712 ;
; SW[2]      ; HEX0[1]     ; 3.684 ;       ;       ; 3.684 ;
; SW[2]      ; HEX0[2]     ; 3.684 ; 3.684 ; 3.684 ; 3.684 ;
; SW[2]      ; HEX0[3]     ; 3.593 ; 3.593 ; 3.593 ; 3.593 ;
; SW[2]      ; HEX0[4]     ; 3.593 ; 3.593 ; 3.593 ; 3.593 ;
; SW[2]      ; HEX0[5]     ; 3.579 ; 3.579 ; 3.579 ; 3.579 ;
; SW[2]      ; HEX0[6]     ; 3.584 ; 3.584 ; 3.584 ; 3.584 ;
; SW[2]      ; HEX4[0]     ; 4.735 ; 4.735 ; 4.735 ; 4.735 ;
; SW[2]      ; HEX4[1]     ; 4.744 ; 4.744 ; 4.744 ; 4.744 ;
; SW[2]      ; HEX4[2]     ; 4.696 ; 4.696 ; 4.696 ; 4.696 ;
; SW[2]      ; HEX4[3]     ; 4.731 ; 4.731 ; 4.731 ; 4.731 ;
; SW[2]      ; HEX4[4]     ; 4.751 ; 4.751 ; 4.751 ; 4.751 ;
; SW[2]      ; HEX4[5]     ; 4.763 ; 4.763 ; 4.763 ; 4.763 ;
; SW[2]      ; HEX4[6]     ; 4.766 ; 4.766 ; 4.766 ; 4.766 ;
; SW[2]      ; HEX5[0]     ; 4.729 ;       ;       ; 4.729 ;
; SW[2]      ; HEX5[3]     ; 4.601 ;       ;       ; 4.601 ;
; SW[2]      ; HEX5[4]     ; 4.581 ;       ;       ; 4.581 ;
; SW[2]      ; HEX5[5]     ; 4.581 ;       ;       ; 4.581 ;
; SW[2]      ; LEDR[2]     ; 2.794 ;       ;       ; 2.794 ;
; SW[3]      ; HEX0[0]     ; 3.293 ; 3.293 ; 3.293 ; 3.293 ;
; SW[3]      ; HEX0[1]     ; 3.265 ; 3.265 ; 3.265 ; 3.265 ;
; SW[3]      ; HEX0[2]     ; 3.273 ; 3.273 ; 3.273 ; 3.273 ;
; SW[3]      ; HEX0[3]     ; 3.174 ; 3.174 ; 3.174 ; 3.174 ;
; SW[3]      ; HEX0[4]     ;       ; 3.173 ; 3.173 ;       ;
; SW[3]      ; HEX0[5]     ; 3.161 ; 3.161 ; 3.161 ; 3.161 ;
; SW[3]      ; HEX0[6]     ; 3.154 ; 3.154 ; 3.154 ; 3.154 ;
; SW[3]      ; HEX4[0]     ; 4.420 ; 4.420 ; 4.420 ; 4.420 ;
; SW[3]      ; HEX4[1]     ; 4.428 ; 4.428 ; 4.428 ; 4.428 ;
; SW[3]      ; HEX4[2]     ; 4.369 ; 4.369 ; 4.369 ; 4.369 ;
; SW[3]      ; HEX4[3]     ; 4.418 ; 4.418 ; 4.418 ; 4.418 ;
; SW[3]      ; HEX4[4]     ; 4.439 ; 4.439 ; 4.439 ; 4.439 ;
; SW[3]      ; HEX4[5]     ; 4.441 ; 4.441 ; 4.441 ; 4.441 ;
; SW[3]      ; HEX4[6]     ; 4.443 ; 4.443 ; 4.443 ; 4.443 ;
; SW[3]      ; HEX5[0]     ; 4.153 ;       ;       ; 4.153 ;
; SW[3]      ; HEX5[3]     ; 4.025 ;       ;       ; 4.025 ;
; SW[3]      ; HEX5[4]     ; 4.005 ;       ;       ; 4.005 ;
; SW[3]      ; HEX5[5]     ; 4.005 ;       ;       ; 4.005 ;
; SW[3]      ; LEDR[3]     ; 3.090 ;       ;       ; 3.090 ;
; SW[4]      ; LEDR[4]     ; 2.842 ;       ;       ; 2.842 ;
; SW[5]      ; LEDR[5]     ; 3.060 ;       ;       ; 3.060 ;
; SW[6]      ; LEDR[6]     ; 2.870 ;       ;       ; 2.870 ;
; SW[7]      ; LEDR[7]     ; 3.431 ;       ;       ; 3.431 ;
; SW[8]      ; LEDR[8]     ; 3.208 ;       ;       ; 3.208 ;
; SW[9]      ; LEDR[9]     ; 3.381 ;       ;       ; 3.381 ;
; SW[10]     ; HEX4[0]     ; 4.829 ; 4.829 ; 4.829 ; 4.829 ;
; SW[10]     ; HEX4[1]     ; 4.840 ; 4.840 ; 4.840 ; 4.840 ;
; SW[10]     ; HEX4[2]     ; 4.779 ; 4.779 ; 4.779 ; 4.779 ;
; SW[10]     ; HEX4[3]     ; 4.832 ; 4.832 ; 4.832 ; 4.832 ;
; SW[10]     ; HEX4[4]     ; 4.855 ; 4.855 ; 4.855 ; 4.855 ;
; SW[10]     ; HEX4[5]     ; 4.851 ; 4.851 ; 4.851 ; 4.851 ;
; SW[10]     ; HEX4[6]     ; 4.854 ; 4.854 ; 4.854 ; 4.854 ;
; SW[10]     ; HEX5[0]     ; 4.764 ;       ;       ; 4.764 ;
; SW[10]     ; HEX5[3]     ; 4.636 ;       ;       ; 4.636 ;
; SW[10]     ; HEX5[4]     ; 4.616 ;       ;       ; 4.616 ;
; SW[10]     ; HEX5[5]     ; 4.616 ;       ;       ; 4.616 ;
; SW[10]     ; LEDR[10]    ; 3.099 ;       ;       ; 3.099 ;
; SW[11]     ; LEDR[11]    ; 3.065 ;       ;       ; 3.065 ;
; SW[12]     ; LEDR[12]    ; 3.108 ;       ;       ; 3.108 ;
; SW[13]     ; LEDR[13]    ; 5.493 ;       ;       ; 5.493 ;
; SW[14]     ; HEX2[0]     ; 6.174 ; 6.174 ; 6.174 ; 6.174 ;
; SW[14]     ; HEX2[1]     ; 6.004 ; 6.004 ; 6.004 ; 6.004 ;
; SW[14]     ; HEX2[2]     ;       ; 6.042 ; 6.042 ;       ;
; SW[14]     ; HEX2[3]     ; 6.036 ; 6.036 ; 6.036 ; 6.036 ;
; SW[14]     ; HEX2[4]     ; 6.168 ;       ;       ; 6.168 ;
; SW[14]     ; HEX2[5]     ; 6.169 ;       ;       ; 6.169 ;
; SW[14]     ; HEX2[6]     ; 6.108 ; 6.108 ; 6.108 ; 6.108 ;
; SW[14]     ; HEX4[0]     ; 7.236 ; 7.236 ; 7.236 ; 7.236 ;
; SW[14]     ; HEX4[1]     ; 7.247 ; 7.247 ; 7.247 ; 7.247 ;
; SW[14]     ; HEX4[2]     ; 7.186 ; 7.186 ; 7.186 ; 7.186 ;
; SW[14]     ; HEX4[3]     ; 7.239 ; 7.239 ; 7.239 ; 7.239 ;
; SW[14]     ; HEX4[4]     ; 7.262 ; 7.262 ; 7.262 ; 7.262 ;
; SW[14]     ; HEX4[5]     ; 7.258 ; 7.258 ; 7.258 ; 7.258 ;
; SW[14]     ; HEX4[6]     ; 7.261 ; 7.261 ; 7.261 ; 7.261 ;
; SW[14]     ; HEX5[0]     ; 7.274 ;       ;       ; 7.274 ;
; SW[14]     ; HEX5[3]     ; 7.146 ;       ;       ; 7.146 ;
; SW[14]     ; HEX5[4]     ; 7.126 ;       ;       ; 7.126 ;
; SW[14]     ; HEX5[5]     ; 7.126 ;       ;       ; 7.126 ;
; SW[14]     ; LEDR[14]    ; 5.616 ;       ;       ; 5.616 ;
; SW[15]     ; HEX2[0]     ; 6.034 ; 6.034 ; 6.034 ; 6.034 ;
; SW[15]     ; HEX2[1]     ; 5.879 ; 5.879 ; 5.879 ; 5.879 ;
; SW[15]     ; HEX2[2]     ; 5.918 ;       ;       ; 5.918 ;
; SW[15]     ; HEX2[3]     ; 5.906 ; 5.906 ; 5.906 ; 5.906 ;
; SW[15]     ; HEX2[4]     ;       ; 6.034 ; 6.034 ;       ;
; SW[15]     ; HEX2[5]     ; 6.036 ; 6.036 ; 6.036 ; 6.036 ;
; SW[15]     ; HEX2[6]     ; 5.975 ; 5.975 ; 5.975 ; 5.975 ;
; SW[15]     ; HEX4[0]     ; 7.385 ; 7.385 ; 7.385 ; 7.385 ;
; SW[15]     ; HEX4[1]     ; 7.394 ; 7.394 ; 7.394 ; 7.394 ;
; SW[15]     ; HEX4[2]     ; 7.346 ; 7.346 ; 7.346 ; 7.346 ;
; SW[15]     ; HEX4[3]     ; 7.381 ; 7.381 ; 7.381 ; 7.381 ;
; SW[15]     ; HEX4[4]     ; 7.401 ; 7.401 ; 7.401 ; 7.401 ;
; SW[15]     ; HEX4[5]     ; 7.413 ; 7.413 ; 7.413 ; 7.413 ;
; SW[15]     ; HEX4[6]     ; 7.416 ; 7.416 ; 7.416 ; 7.416 ;
; SW[15]     ; HEX5[0]     ; 7.276 ;       ;       ; 7.276 ;
; SW[15]     ; HEX5[3]     ; 7.148 ;       ;       ; 7.148 ;
; SW[15]     ; HEX5[4]     ; 7.128 ;       ;       ; 7.128 ;
; SW[15]     ; HEX5[5]     ; 7.128 ;       ;       ; 7.128 ;
; SW[15]     ; LEDR[15]    ; 5.598 ;       ;       ; 5.598 ;
; SW[16]     ; HEX2[0]     ; 6.206 ; 6.206 ; 6.206 ; 6.206 ;
; SW[16]     ; HEX2[1]     ; 6.054 ;       ;       ; 6.054 ;
; SW[16]     ; HEX2[2]     ; 6.090 ; 6.090 ; 6.090 ; 6.090 ;
; SW[16]     ; HEX2[3]     ; 6.074 ; 6.074 ; 6.074 ; 6.074 ;
; SW[16]     ; HEX2[4]     ; 6.209 ; 6.209 ; 6.209 ; 6.209 ;
; SW[16]     ; HEX2[5]     ; 6.200 ; 6.200 ; 6.200 ; 6.200 ;
; SW[16]     ; HEX2[6]     ; 6.139 ; 6.139 ; 6.139 ; 6.139 ;
; SW[16]     ; HEX4[0]     ; 7.053 ; 7.053 ; 7.053 ; 7.053 ;
; SW[16]     ; HEX4[1]     ; 7.062 ; 7.062 ; 7.062 ; 7.062 ;
; SW[16]     ; HEX4[2]     ; 7.014 ; 7.014 ; 7.014 ; 7.014 ;
; SW[16]     ; HEX4[3]     ; 7.049 ; 7.049 ; 7.049 ; 7.049 ;
; SW[16]     ; HEX4[4]     ; 7.069 ; 7.069 ; 7.069 ; 7.069 ;
; SW[16]     ; HEX4[5]     ; 7.081 ; 7.081 ; 7.081 ; 7.081 ;
; SW[16]     ; HEX4[6]     ; 7.084 ; 7.084 ; 7.084 ; 7.084 ;
; SW[16]     ; HEX5[0]     ; 7.049 ;       ;       ; 7.049 ;
; SW[16]     ; HEX5[3]     ; 6.921 ;       ;       ; 6.921 ;
; SW[16]     ; HEX5[4]     ; 6.901 ;       ;       ; 6.901 ;
; SW[16]     ; HEX5[5]     ; 6.901 ;       ;       ; 6.901 ;
; SW[16]     ; LEDR[16]    ; 5.599 ;       ;       ; 5.599 ;
; SW[17]     ; HEX2[0]     ; 6.136 ; 6.136 ; 6.136 ; 6.136 ;
; SW[17]     ; HEX2[1]     ; 5.980 ; 5.980 ; 5.980 ; 5.980 ;
; SW[17]     ; HEX2[2]     ; 6.020 ; 6.020 ; 6.020 ; 6.020 ;
; SW[17]     ; HEX2[3]     ; 6.003 ; 6.003 ; 6.003 ; 6.003 ;
; SW[17]     ; HEX2[4]     ;       ; 6.135 ; 6.135 ;       ;
; SW[17]     ; HEX2[5]     ; 6.136 ; 6.136 ; 6.136 ; 6.136 ;
; SW[17]     ; HEX2[6]     ; 6.075 ; 6.075 ; 6.075 ; 6.075 ;
; SW[17]     ; HEX4[0]     ; 7.561 ; 7.561 ; 7.561 ; 7.561 ;
; SW[17]     ; HEX4[1]     ; 7.569 ; 7.569 ; 7.569 ; 7.569 ;
; SW[17]     ; HEX4[2]     ; 7.510 ; 7.510 ; 7.510 ; 7.510 ;
; SW[17]     ; HEX4[3]     ; 7.559 ; 7.559 ; 7.559 ; 7.559 ;
; SW[17]     ; HEX4[4]     ; 7.580 ; 7.580 ; 7.580 ; 7.580 ;
; SW[17]     ; HEX4[5]     ; 7.582 ; 7.582 ; 7.582 ; 7.582 ;
; SW[17]     ; HEX4[6]     ; 7.584 ; 7.584 ; 7.584 ; 7.584 ;
; SW[17]     ; HEX5[0]     ; 7.292 ;       ;       ; 7.292 ;
; SW[17]     ; HEX5[3]     ; 7.164 ;       ;       ; 7.164 ;
; SW[17]     ; HEX5[4]     ; 7.144 ;       ;       ; 7.144 ;
; SW[17]     ; HEX5[5]     ; 7.144 ;       ;       ; 7.144 ;
; SW[17]     ; LEDR[17]    ; 5.604 ;       ;       ; 5.604 ;
+------------+-------------+-------+-------+-------+-------+


+----------------------------------------------------------------------------+
; Multicorner Timing Analysis Summary                                        ;
+------------------+-------+------+----------+---------+---------------------+
; Clock            ; Setup ; Hold ; Recovery ; Removal ; Minimum Pulse Width ;
+------------------+-------+------+----------+---------+---------------------+
; Worst-case Slack ; N/A   ; N/A  ; N/A      ; N/A     ; N/A                 ;
; Design-wide TNS  ; 0.0   ; 0.0  ; 0.0      ; 0.0     ; 0.0                 ;
+------------------+-------+------+----------+---------+---------------------+


+--------------------------------------------------------------+
; Progagation Delay                                            ;
+------------+-------------+--------+--------+--------+--------+
; Input Port ; Output Port ; RR     ; RF     ; FR     ; FF     ;
+------------+-------------+--------+--------+--------+--------+
; SW[0]      ; HEX0[0]     ; 7.140  ; 7.140  ; 7.140  ; 7.140  ;
; SW[0]      ; HEX0[1]     ; 7.115  ; 7.115  ; 7.115  ; 7.115  ;
; SW[0]      ; HEX0[2]     ;        ; 7.114  ; 7.114  ;        ;
; SW[0]      ; HEX0[3]     ; 6.891  ; 6.891  ; 6.891  ; 6.891  ;
; SW[0]      ; HEX0[4]     ; 6.891  ;        ;        ; 6.891  ;
; SW[0]      ; HEX0[5]     ; 6.874  ;        ;        ; 6.874  ;
; SW[0]      ; HEX0[6]     ; 6.879  ; 6.879  ; 6.879  ; 6.879  ;
; SW[0]      ; HEX4[0]     ; 10.434 ; 10.434 ; 10.434 ; 10.434 ;
; SW[0]      ; HEX4[1]     ; 10.457 ; 10.457 ; 10.457 ; 10.457 ;
; SW[0]      ; HEX4[2]     ; 10.330 ; 10.330 ; 10.330 ; 10.330 ;
; SW[0]      ; HEX4[3]     ; 10.419 ; 10.419 ; 10.419 ; 10.419 ;
; SW[0]      ; HEX4[4]     ; 10.466 ; 10.466 ; 10.466 ; 10.466 ;
; SW[0]      ; HEX4[5]     ; 10.475 ; 10.475 ; 10.475 ; 10.475 ;
; SW[0]      ; HEX4[6]     ; 10.476 ; 10.476 ; 10.476 ; 10.476 ;
; SW[0]      ; HEX5[0]     ; 9.498  ;        ;        ; 9.498  ;
; SW[0]      ; HEX5[3]     ; 9.212  ;        ;        ; 9.212  ;
; SW[0]      ; HEX5[4]     ; 9.192  ;        ;        ; 9.192  ;
; SW[0]      ; HEX5[5]     ; 9.192  ;        ;        ; 9.192  ;
; SW[0]      ; LEDR[0]     ; 5.976  ;        ;        ; 5.976  ;
; SW[1]      ; HEX0[0]     ; 7.461  ; 7.461  ; 7.461  ; 7.461  ;
; SW[1]      ; HEX0[1]     ; 7.437  ; 7.437  ; 7.437  ; 7.437  ;
; SW[1]      ; HEX0[2]     ; 7.431  ;        ;        ; 7.431  ;
; SW[1]      ; HEX0[3]     ; 7.213  ; 7.213  ; 7.213  ; 7.213  ;
; SW[1]      ; HEX0[4]     ;        ; 7.210  ; 7.210  ;        ;
; SW[1]      ; HEX0[5]     ; 7.192  ; 7.192  ; 7.192  ; 7.192  ;
; SW[1]      ; HEX0[6]     ; 7.195  ; 7.195  ; 7.195  ; 7.195  ;
; SW[1]      ; HEX4[0]     ; 10.502 ; 10.502 ; 10.502 ; 10.502 ;
; SW[1]      ; HEX4[1]     ; 10.525 ; 10.525 ; 10.525 ; 10.525 ;
; SW[1]      ; HEX4[2]     ; 10.398 ; 10.398 ; 10.398 ; 10.398 ;
; SW[1]      ; HEX4[3]     ; 10.487 ; 10.487 ; 10.487 ; 10.487 ;
; SW[1]      ; HEX4[4]     ; 10.534 ; 10.534 ; 10.534 ; 10.534 ;
; SW[1]      ; HEX4[5]     ; 10.543 ; 10.543 ; 10.543 ; 10.543 ;
; SW[1]      ; HEX4[6]     ; 10.544 ; 10.544 ; 10.544 ; 10.544 ;
; SW[1]      ; HEX5[0]     ; 9.566  ;        ;        ; 9.566  ;
; SW[1]      ; HEX5[3]     ; 9.280  ;        ;        ; 9.280  ;
; SW[1]      ; HEX5[4]     ; 9.260  ;        ;        ; 9.260  ;
; SW[1]      ; HEX5[5]     ; 9.260  ;        ;        ; 9.260  ;
; SW[1]      ; LEDR[1]     ; 6.485  ;        ;        ; 6.485  ;
; SW[2]      ; HEX0[0]     ; 6.992  ; 6.992  ; 6.992  ; 6.992  ;
; SW[2]      ; HEX0[1]     ; 6.969  ;        ;        ; 6.969  ;
; SW[2]      ; HEX0[2]     ; 6.966  ; 6.966  ; 6.966  ; 6.966  ;
; SW[2]      ; HEX0[3]     ; 6.744  ; 6.744  ; 6.744  ; 6.744  ;
; SW[2]      ; HEX0[4]     ; 6.746  ; 6.746  ; 6.746  ; 6.746  ;
; SW[2]      ; HEX0[5]     ; 6.727  ; 6.727  ; 6.727  ; 6.727  ;
; SW[2]      ; HEX0[6]     ; 6.730  ; 6.730  ; 6.730  ; 6.730  ;
; SW[2]      ; HEX4[0]     ; 10.240 ; 10.240 ; 10.240 ; 10.240 ;
; SW[2]      ; HEX4[1]     ; 10.263 ; 10.263 ; 10.263 ; 10.263 ;
; SW[2]      ; HEX4[2]     ; 10.136 ; 10.136 ; 10.136 ; 10.136 ;
; SW[2]      ; HEX4[3]     ; 10.225 ; 10.225 ; 10.225 ; 10.225 ;
; SW[2]      ; HEX4[4]     ; 10.272 ; 10.272 ; 10.272 ; 10.272 ;
; SW[2]      ; HEX4[5]     ; 10.281 ; 10.281 ; 10.281 ; 10.281 ;
; SW[2]      ; HEX4[6]     ; 10.282 ; 10.282 ; 10.282 ; 10.282 ;
; SW[2]      ; HEX5[0]     ; 9.304  ;        ;        ; 9.304  ;
; SW[2]      ; HEX5[3]     ; 9.018  ;        ;        ; 9.018  ;
; SW[2]      ; HEX5[4]     ; 8.998  ;        ;        ; 8.998  ;
; SW[2]      ; HEX5[5]     ; 8.998  ;        ;        ; 8.998  ;
; SW[2]      ; LEDR[2]     ; 5.135  ;        ;        ; 5.135  ;
; SW[3]      ; HEX0[0]     ; 6.359  ; 6.359  ; 6.359  ; 6.359  ;
; SW[3]      ; HEX0[1]     ; 6.335  ; 6.335  ; 6.335  ; 6.335  ;
; SW[3]      ; HEX0[2]     ; 6.305  ; 6.305  ; 6.305  ; 6.305  ;
; SW[3]      ; HEX0[3]     ; 6.109  ; 6.109  ; 6.109  ; 6.109  ;
; SW[3]      ; HEX0[4]     ;        ; 6.112  ; 6.112  ;        ;
; SW[3]      ; HEX0[5]     ; 6.069  ; 6.069  ; 6.069  ; 6.069  ;
; SW[3]      ; HEX0[6]     ; 6.084  ; 6.084  ; 6.084  ; 6.084  ;
; SW[3]      ; HEX4[0]     ; 8.943  ; 8.943  ; 8.943  ; 8.943  ;
; SW[3]      ; HEX4[1]     ; 8.966  ; 8.966  ; 8.966  ; 8.966  ;
; SW[3]      ; HEX4[2]     ; 8.839  ; 8.839  ; 8.839  ; 8.839  ;
; SW[3]      ; HEX4[3]     ; 8.928  ; 8.928  ; 8.928  ; 8.928  ;
; SW[3]      ; HEX4[4]     ; 8.975  ; 8.975  ; 8.975  ; 8.975  ;
; SW[3]      ; HEX4[5]     ; 8.984  ; 8.984  ; 8.984  ; 8.984  ;
; SW[3]      ; HEX4[6]     ; 8.985  ; 8.985  ; 8.985  ; 8.985  ;
; SW[3]      ; HEX5[0]     ; 8.322  ;        ;        ; 8.322  ;
; SW[3]      ; HEX5[3]     ; 8.036  ;        ;        ; 8.036  ;
; SW[3]      ; HEX5[4]     ; 8.016  ;        ;        ; 8.016  ;
; SW[3]      ; HEX5[5]     ; 8.016  ;        ;        ; 8.016  ;
; SW[3]      ; LEDR[3]     ; 5.783  ;        ;        ; 5.783  ;
; SW[4]      ; LEDR[4]     ; 5.280  ;        ;        ; 5.280  ;
; SW[5]      ; LEDR[5]     ; 5.702  ;        ;        ; 5.702  ;
; SW[6]      ; LEDR[6]     ; 5.338  ;        ;        ; 5.338  ;
; SW[7]      ; LEDR[7]     ; 6.279  ;        ;        ; 6.279  ;
; SW[8]      ; LEDR[8]     ; 5.868  ;        ;        ; 5.868  ;
; SW[9]      ; LEDR[9]     ; 6.210  ;        ;        ; 6.210  ;
; SW[10]     ; HEX4[0]     ; 10.354 ; 10.354 ; 10.354 ; 10.354 ;
; SW[10]     ; HEX4[1]     ; 10.377 ; 10.377 ; 10.377 ; 10.377 ;
; SW[10]     ; HEX4[2]     ; 10.250 ; 10.250 ; 10.250 ; 10.250 ;
; SW[10]     ; HEX4[3]     ; 10.339 ; 10.339 ; 10.339 ; 10.339 ;
; SW[10]     ; HEX4[4]     ; 10.386 ; 10.386 ; 10.386 ; 10.386 ;
; SW[10]     ; HEX4[5]     ; 10.395 ; 10.395 ; 10.395 ; 10.395 ;
; SW[10]     ; HEX4[6]     ; 10.396 ; 10.396 ; 10.396 ; 10.396 ;
; SW[10]     ; HEX5[0]     ; 9.418  ;        ;        ; 9.418  ;
; SW[10]     ; HEX5[3]     ; 9.132  ;        ;        ; 9.132  ;
; SW[10]     ; HEX5[4]     ; 9.112  ;        ;        ; 9.112  ;
; SW[10]     ; HEX5[5]     ; 9.112  ;        ;        ; 9.112  ;
; SW[10]     ; LEDR[10]    ; 5.682  ;        ;        ; 5.682  ;
; SW[11]     ; LEDR[11]    ; 5.638  ;        ;        ; 5.638  ;
; SW[12]     ; LEDR[12]    ; 5.696  ;        ;        ; 5.696  ;
; SW[13]     ; LEDR[13]    ; 9.598  ;        ;        ; 9.598  ;
; SW[14]     ; HEX2[0]     ; 11.175 ; 11.175 ; 11.175 ; 11.175 ;
; SW[14]     ; HEX2[1]     ; 10.854 ; 10.854 ; 10.854 ; 10.854 ;
; SW[14]     ; HEX2[2]     ;        ; 10.865 ; 10.865 ;        ;
; SW[14]     ; HEX2[3]     ; 10.871 ; 10.871 ; 10.871 ; 10.871 ;
; SW[14]     ; HEX2[4]     ; 11.169 ;        ;        ; 11.169 ;
; SW[14]     ; HEX2[5]     ; 11.176 ;        ;        ; 11.176 ;
; SW[14]     ; HEX2[6]     ; 11.059 ; 11.059 ; 11.059 ; 11.059 ;
; SW[14]     ; HEX4[0]     ; 14.548 ; 14.548 ; 14.548 ; 14.548 ;
; SW[14]     ; HEX4[1]     ; 14.571 ; 14.571 ; 14.571 ; 14.571 ;
; SW[14]     ; HEX4[2]     ; 14.444 ; 14.444 ; 14.444 ; 14.444 ;
; SW[14]     ; HEX4[3]     ; 14.533 ; 14.533 ; 14.533 ; 14.533 ;
; SW[14]     ; HEX4[4]     ; 14.580 ; 14.580 ; 14.580 ; 14.580 ;
; SW[14]     ; HEX4[5]     ; 14.589 ; 14.589 ; 14.589 ; 14.589 ;
; SW[14]     ; HEX4[6]     ; 14.590 ; 14.590 ; 14.590 ; 14.590 ;
; SW[14]     ; HEX5[0]     ; 13.612 ;        ;        ; 13.612 ;
; SW[14]     ; HEX5[3]     ; 13.326 ;        ;        ; 13.326 ;
; SW[14]     ; HEX5[4]     ; 13.306 ;        ;        ; 13.306 ;
; SW[14]     ; HEX5[5]     ; 13.306 ;        ;        ; 13.306 ;
; SW[14]     ; LEDR[14]    ; 9.868  ;        ;        ; 9.868  ;
; SW[15]     ; HEX2[0]     ; 10.866 ; 10.866 ; 10.866 ; 10.866 ;
; SW[15]     ; HEX2[1]     ; 10.553 ; 10.553 ; 10.553 ; 10.553 ;
; SW[15]     ; HEX2[2]     ; 10.592 ;        ;        ; 10.592 ;
; SW[15]     ; HEX2[3]     ; 10.559 ; 10.559 ; 10.559 ; 10.559 ;
; SW[15]     ; HEX2[4]     ;        ; 10.864 ; 10.864 ;        ;
; SW[15]     ; HEX2[5]     ; 10.864 ; 10.864 ; 10.864 ; 10.864 ;
; SW[15]     ; HEX2[6]     ; 10.747 ; 10.747 ; 10.747 ; 10.747 ;
; SW[15]     ; HEX4[0]     ; 14.568 ; 14.568 ; 14.568 ; 14.568 ;
; SW[15]     ; HEX4[1]     ; 14.591 ; 14.591 ; 14.591 ; 14.591 ;
; SW[15]     ; HEX4[2]     ; 14.464 ; 14.464 ; 14.464 ; 14.464 ;
; SW[15]     ; HEX4[3]     ; 14.553 ; 14.553 ; 14.553 ; 14.553 ;
; SW[15]     ; HEX4[4]     ; 14.600 ; 14.600 ; 14.600 ; 14.600 ;
; SW[15]     ; HEX4[5]     ; 14.609 ; 14.609 ; 14.609 ; 14.609 ;
; SW[15]     ; HEX4[6]     ; 14.610 ; 14.610 ; 14.610 ; 14.610 ;
; SW[15]     ; HEX5[0]     ; 13.632 ;        ;        ; 13.632 ;
; SW[15]     ; HEX5[3]     ; 13.346 ;        ;        ; 13.346 ;
; SW[15]     ; HEX5[4]     ; 13.326 ;        ;        ; 13.326 ;
; SW[15]     ; HEX5[5]     ; 13.326 ;        ;        ; 13.326 ;
; SW[15]     ; LEDR[15]    ; 9.838  ;        ;        ; 9.838  ;
; SW[16]     ; HEX2[0]     ; 11.199 ; 11.199 ; 11.199 ; 11.199 ;
; SW[16]     ; HEX2[1]     ; 10.895 ;        ;        ; 10.895 ;
; SW[16]     ; HEX2[2]     ; 10.929 ; 10.929 ; 10.929 ; 10.929 ;
; SW[16]     ; HEX2[3]     ; 10.897 ; 10.897 ; 10.897 ; 10.897 ;
; SW[16]     ; HEX2[4]     ; 11.206 ; 11.206 ; 11.206 ; 11.206 ;
; SW[16]     ; HEX2[5]     ; 11.197 ; 11.197 ; 11.197 ; 11.197 ;
; SW[16]     ; HEX2[6]     ; 11.081 ; 11.081 ; 11.081 ; 11.081 ;
; SW[16]     ; HEX4[0]     ; 14.029 ; 14.029 ; 14.029 ; 14.029 ;
; SW[16]     ; HEX4[1]     ; 14.052 ; 14.052 ; 14.052 ; 14.052 ;
; SW[16]     ; HEX4[2]     ; 13.925 ; 13.925 ; 13.925 ; 13.925 ;
; SW[16]     ; HEX4[3]     ; 14.014 ; 14.014 ; 14.014 ; 14.014 ;
; SW[16]     ; HEX4[4]     ; 14.061 ; 14.061 ; 14.061 ; 14.061 ;
; SW[16]     ; HEX4[5]     ; 14.070 ; 14.070 ; 14.070 ; 14.070 ;
; SW[16]     ; HEX4[6]     ; 14.071 ; 14.071 ; 14.071 ; 14.071 ;
; SW[16]     ; HEX5[0]     ; 13.093 ;        ;        ; 13.093 ;
; SW[16]     ; HEX5[3]     ; 12.807 ;        ;        ; 12.807 ;
; SW[16]     ; HEX5[4]     ; 12.787 ;        ;        ; 12.787 ;
; SW[16]     ; HEX5[5]     ; 12.787 ;        ;        ; 12.787 ;
; SW[16]     ; LEDR[16]    ; 9.822  ;        ;        ; 9.822  ;
; SW[17]     ; HEX2[0]     ; 11.021 ; 11.021 ; 11.021 ; 11.021 ;
; SW[17]     ; HEX2[1]     ; 10.712 ; 10.712 ; 10.712 ; 10.712 ;
; SW[17]     ; HEX2[2]     ; 10.750 ; 10.750 ; 10.750 ; 10.750 ;
; SW[17]     ; HEX2[3]     ; 10.717 ; 10.717 ; 10.717 ; 10.717 ;
; SW[17]     ; HEX2[4]     ;        ; 11.023 ; 11.023 ;        ;
; SW[17]     ; HEX2[5]     ; 11.021 ; 11.021 ; 11.021 ; 11.021 ;
; SW[17]     ; HEX2[6]     ; 10.899 ; 10.899 ; 10.899 ; 10.899 ;
; SW[17]     ; HEX4[0]     ; 14.298 ; 14.298 ; 14.298 ; 14.298 ;
; SW[17]     ; HEX4[1]     ; 14.321 ; 14.321 ; 14.321 ; 14.321 ;
; SW[17]     ; HEX4[2]     ; 14.194 ; 14.194 ; 14.194 ; 14.194 ;
; SW[17]     ; HEX4[3]     ; 14.283 ; 14.283 ; 14.283 ; 14.283 ;
; SW[17]     ; HEX4[4]     ; 14.330 ; 14.330 ; 14.330 ; 14.330 ;
; SW[17]     ; HEX4[5]     ; 14.339 ; 14.339 ; 14.339 ; 14.339 ;
; SW[17]     ; HEX4[6]     ; 14.340 ; 14.340 ; 14.340 ; 14.340 ;
; SW[17]     ; HEX5[0]     ; 13.674 ;        ;        ; 13.674 ;
; SW[17]     ; HEX5[3]     ; 13.388 ;        ;        ; 13.388 ;
; SW[17]     ; HEX5[4]     ; 13.368 ;        ;        ; 13.368 ;
; SW[17]     ; HEX5[5]     ; 13.368 ;        ;        ; 13.368 ;
; SW[17]     ; LEDR[17]    ; 9.822  ;        ;        ; 9.822  ;
+------------+-------------+--------+--------+--------+--------+


+----------------------------------------------------------+
; Minimum Progagation Delay                                ;
+------------+-------------+-------+-------+-------+-------+
; Input Port ; Output Port ; RR    ; RF    ; FR    ; FF    ;
+------------+-------------+-------+-------+-------+-------+
; SW[0]      ; HEX0[0]     ; 3.781 ; 3.781 ; 3.781 ; 3.781 ;
; SW[0]      ; HEX0[1]     ; 3.752 ; 3.752 ; 3.752 ; 3.752 ;
; SW[0]      ; HEX0[2]     ;       ; 3.757 ; 3.757 ;       ;
; SW[0]      ; HEX0[3]     ; 3.661 ; 3.661 ; 3.661 ; 3.661 ;
; SW[0]      ; HEX0[4]     ; 3.662 ;       ;       ; 3.662 ;
; SW[0]      ; HEX0[5]     ; 3.655 ;       ;       ; 3.655 ;
; SW[0]      ; HEX0[6]     ; 3.654 ; 3.654 ; 3.654 ; 3.654 ;
; SW[0]      ; HEX4[0]     ; 4.795 ; 4.795 ; 4.795 ; 4.795 ;
; SW[0]      ; HEX4[1]     ; 4.806 ; 4.806 ; 4.806 ; 4.806 ;
; SW[0]      ; HEX4[2]     ; 4.745 ; 4.745 ; 4.745 ; 4.745 ;
; SW[0]      ; HEX4[3]     ; 4.798 ; 4.798 ; 4.798 ; 4.798 ;
; SW[0]      ; HEX4[4]     ; 4.821 ; 4.821 ; 4.821 ; 4.821 ;
; SW[0]      ; HEX4[5]     ; 4.817 ; 4.817 ; 4.817 ; 4.817 ;
; SW[0]      ; HEX4[6]     ; 4.820 ; 4.820 ; 4.820 ; 4.820 ;
; SW[0]      ; HEX5[0]     ; 4.835 ;       ;       ; 4.835 ;
; SW[0]      ; HEX5[3]     ; 4.707 ;       ;       ; 4.707 ;
; SW[0]      ; HEX5[4]     ; 4.687 ;       ;       ; 4.687 ;
; SW[0]      ; HEX5[5]     ; 4.687 ;       ;       ; 4.687 ;
; SW[0]      ; LEDR[0]     ; 3.236 ;       ;       ; 3.236 ;
; SW[1]      ; HEX0[0]     ; 3.923 ; 3.923 ; 3.923 ; 3.923 ;
; SW[1]      ; HEX0[1]     ; 3.894 ; 3.894 ; 3.894 ; 3.894 ;
; SW[1]      ; HEX0[2]     ; 3.897 ;       ;       ; 3.897 ;
; SW[1]      ; HEX0[3]     ; 3.803 ; 3.803 ; 3.803 ; 3.803 ;
; SW[1]      ; HEX0[4]     ;       ; 3.803 ; 3.803 ;       ;
; SW[1]      ; HEX0[5]     ; 3.792 ; 3.792 ; 3.792 ; 3.792 ;
; SW[1]      ; HEX0[6]     ; 3.790 ; 3.790 ; 3.790 ; 3.790 ;
; SW[1]      ; HEX4[0]     ; 4.962 ; 4.962 ; 4.962 ; 4.962 ;
; SW[1]      ; HEX4[1]     ; 4.971 ; 4.971 ; 4.971 ; 4.971 ;
; SW[1]      ; HEX4[2]     ; 4.923 ; 4.923 ; 4.923 ; 4.923 ;
; SW[1]      ; HEX4[3]     ; 4.958 ; 4.958 ; 4.958 ; 4.958 ;
; SW[1]      ; HEX4[4]     ; 4.978 ; 4.978 ; 4.978 ; 4.978 ;
; SW[1]      ; HEX4[5]     ; 4.990 ; 4.990 ; 4.990 ; 4.990 ;
; SW[1]      ; HEX4[6]     ; 4.993 ; 4.993 ; 4.993 ; 4.993 ;
; SW[1]      ; HEX5[0]     ; 4.853 ;       ;       ; 4.853 ;
; SW[1]      ; HEX5[3]     ; 4.725 ;       ;       ; 4.725 ;
; SW[1]      ; HEX5[4]     ; 4.705 ;       ;       ; 4.705 ;
; SW[1]      ; HEX5[5]     ; 4.705 ;       ;       ; 4.705 ;
; SW[1]      ; LEDR[1]     ; 3.511 ;       ;       ; 3.511 ;
; SW[2]      ; HEX0[0]     ; 3.712 ; 3.712 ; 3.712 ; 3.712 ;
; SW[2]      ; HEX0[1]     ; 3.684 ;       ;       ; 3.684 ;
; SW[2]      ; HEX0[2]     ; 3.684 ; 3.684 ; 3.684 ; 3.684 ;
; SW[2]      ; HEX0[3]     ; 3.593 ; 3.593 ; 3.593 ; 3.593 ;
; SW[2]      ; HEX0[4]     ; 3.593 ; 3.593 ; 3.593 ; 3.593 ;
; SW[2]      ; HEX0[5]     ; 3.579 ; 3.579 ; 3.579 ; 3.579 ;
; SW[2]      ; HEX0[6]     ; 3.584 ; 3.584 ; 3.584 ; 3.584 ;
; SW[2]      ; HEX4[0]     ; 4.735 ; 4.735 ; 4.735 ; 4.735 ;
; SW[2]      ; HEX4[1]     ; 4.744 ; 4.744 ; 4.744 ; 4.744 ;
; SW[2]      ; HEX4[2]     ; 4.696 ; 4.696 ; 4.696 ; 4.696 ;
; SW[2]      ; HEX4[3]     ; 4.731 ; 4.731 ; 4.731 ; 4.731 ;
; SW[2]      ; HEX4[4]     ; 4.751 ; 4.751 ; 4.751 ; 4.751 ;
; SW[2]      ; HEX4[5]     ; 4.763 ; 4.763 ; 4.763 ; 4.763 ;
; SW[2]      ; HEX4[6]     ; 4.766 ; 4.766 ; 4.766 ; 4.766 ;
; SW[2]      ; HEX5[0]     ; 4.729 ;       ;       ; 4.729 ;
; SW[2]      ; HEX5[3]     ; 4.601 ;       ;       ; 4.601 ;
; SW[2]      ; HEX5[4]     ; 4.581 ;       ;       ; 4.581 ;
; SW[2]      ; HEX5[5]     ; 4.581 ;       ;       ; 4.581 ;
; SW[2]      ; LEDR[2]     ; 2.794 ;       ;       ; 2.794 ;
; SW[3]      ; HEX0[0]     ; 3.293 ; 3.293 ; 3.293 ; 3.293 ;
; SW[3]      ; HEX0[1]     ; 3.265 ; 3.265 ; 3.265 ; 3.265 ;
; SW[3]      ; HEX0[2]     ; 3.273 ; 3.273 ; 3.273 ; 3.273 ;
; SW[3]      ; HEX0[3]     ; 3.174 ; 3.174 ; 3.174 ; 3.174 ;
; SW[3]      ; HEX0[4]     ;       ; 3.173 ; 3.173 ;       ;
; SW[3]      ; HEX0[5]     ; 3.161 ; 3.161 ; 3.161 ; 3.161 ;
; SW[3]      ; HEX0[6]     ; 3.154 ; 3.154 ; 3.154 ; 3.154 ;
; SW[3]      ; HEX4[0]     ; 4.420 ; 4.420 ; 4.420 ; 4.420 ;
; SW[3]      ; HEX4[1]     ; 4.428 ; 4.428 ; 4.428 ; 4.428 ;
; SW[3]      ; HEX4[2]     ; 4.369 ; 4.369 ; 4.369 ; 4.369 ;
; SW[3]      ; HEX4[3]     ; 4.418 ; 4.418 ; 4.418 ; 4.418 ;
; SW[3]      ; HEX4[4]     ; 4.439 ; 4.439 ; 4.439 ; 4.439 ;
; SW[3]      ; HEX4[5]     ; 4.441 ; 4.441 ; 4.441 ; 4.441 ;
; SW[3]      ; HEX4[6]     ; 4.443 ; 4.443 ; 4.443 ; 4.443 ;
; SW[3]      ; HEX5[0]     ; 4.153 ;       ;       ; 4.153 ;
; SW[3]      ; HEX5[3]     ; 4.025 ;       ;       ; 4.025 ;
; SW[3]      ; HEX5[4]     ; 4.005 ;       ;       ; 4.005 ;
; SW[3]      ; HEX5[5]     ; 4.005 ;       ;       ; 4.005 ;
; SW[3]      ; LEDR[3]     ; 3.090 ;       ;       ; 3.090 ;
; SW[4]      ; LEDR[4]     ; 2.842 ;       ;       ; 2.842 ;
; SW[5]      ; LEDR[5]     ; 3.060 ;       ;       ; 3.060 ;
; SW[6]      ; LEDR[6]     ; 2.870 ;       ;       ; 2.870 ;
; SW[7]      ; LEDR[7]     ; 3.431 ;       ;       ; 3.431 ;
; SW[8]      ; LEDR[8]     ; 3.208 ;       ;       ; 3.208 ;
; SW[9]      ; LEDR[9]     ; 3.381 ;       ;       ; 3.381 ;
; SW[10]     ; HEX4[0]     ; 4.829 ; 4.829 ; 4.829 ; 4.829 ;
; SW[10]     ; HEX4[1]     ; 4.840 ; 4.840 ; 4.840 ; 4.840 ;
; SW[10]     ; HEX4[2]     ; 4.779 ; 4.779 ; 4.779 ; 4.779 ;
; SW[10]     ; HEX4[3]     ; 4.832 ; 4.832 ; 4.832 ; 4.832 ;
; SW[10]     ; HEX4[4]     ; 4.855 ; 4.855 ; 4.855 ; 4.855 ;
; SW[10]     ; HEX4[5]     ; 4.851 ; 4.851 ; 4.851 ; 4.851 ;
; SW[10]     ; HEX4[6]     ; 4.854 ; 4.854 ; 4.854 ; 4.854 ;
; SW[10]     ; HEX5[0]     ; 4.764 ;       ;       ; 4.764 ;
; SW[10]     ; HEX5[3]     ; 4.636 ;       ;       ; 4.636 ;
; SW[10]     ; HEX5[4]     ; 4.616 ;       ;       ; 4.616 ;
; SW[10]     ; HEX5[5]     ; 4.616 ;       ;       ; 4.616 ;
; SW[10]     ; LEDR[10]    ; 3.099 ;       ;       ; 3.099 ;
; SW[11]     ; LEDR[11]    ; 3.065 ;       ;       ; 3.065 ;
; SW[12]     ; LEDR[12]    ; 3.108 ;       ;       ; 3.108 ;
; SW[13]     ; LEDR[13]    ; 5.493 ;       ;       ; 5.493 ;
; SW[14]     ; HEX2[0]     ; 6.174 ; 6.174 ; 6.174 ; 6.174 ;
; SW[14]     ; HEX2[1]     ; 6.004 ; 6.004 ; 6.004 ; 6.004 ;
; SW[14]     ; HEX2[2]     ;       ; 6.042 ; 6.042 ;       ;
; SW[14]     ; HEX2[3]     ; 6.036 ; 6.036 ; 6.036 ; 6.036 ;
; SW[14]     ; HEX2[4]     ; 6.168 ;       ;       ; 6.168 ;
; SW[14]     ; HEX2[5]     ; 6.169 ;       ;       ; 6.169 ;
; SW[14]     ; HEX2[6]     ; 6.108 ; 6.108 ; 6.108 ; 6.108 ;
; SW[14]     ; HEX4[0]     ; 7.236 ; 7.236 ; 7.236 ; 7.236 ;
; SW[14]     ; HEX4[1]     ; 7.247 ; 7.247 ; 7.247 ; 7.247 ;
; SW[14]     ; HEX4[2]     ; 7.186 ; 7.186 ; 7.186 ; 7.186 ;
; SW[14]     ; HEX4[3]     ; 7.239 ; 7.239 ; 7.239 ; 7.239 ;
; SW[14]     ; HEX4[4]     ; 7.262 ; 7.262 ; 7.262 ; 7.262 ;
; SW[14]     ; HEX4[5]     ; 7.258 ; 7.258 ; 7.258 ; 7.258 ;
; SW[14]     ; HEX4[6]     ; 7.261 ; 7.261 ; 7.261 ; 7.261 ;
; SW[14]     ; HEX5[0]     ; 7.274 ;       ;       ; 7.274 ;
; SW[14]     ; HEX5[3]     ; 7.146 ;       ;       ; 7.146 ;
; SW[14]     ; HEX5[4]     ; 7.126 ;       ;       ; 7.126 ;
; SW[14]     ; HEX5[5]     ; 7.126 ;       ;       ; 7.126 ;
; SW[14]     ; LEDR[14]    ; 5.616 ;       ;       ; 5.616 ;
; SW[15]     ; HEX2[0]     ; 6.034 ; 6.034 ; 6.034 ; 6.034 ;
; SW[15]     ; HEX2[1]     ; 5.879 ; 5.879 ; 5.879 ; 5.879 ;
; SW[15]     ; HEX2[2]     ; 5.918 ;       ;       ; 5.918 ;
; SW[15]     ; HEX2[3]     ; 5.906 ; 5.906 ; 5.906 ; 5.906 ;
; SW[15]     ; HEX2[4]     ;       ; 6.034 ; 6.034 ;       ;
; SW[15]     ; HEX2[5]     ; 6.036 ; 6.036 ; 6.036 ; 6.036 ;
; SW[15]     ; HEX2[6]     ; 5.975 ; 5.975 ; 5.975 ; 5.975 ;
; SW[15]     ; HEX4[0]     ; 7.385 ; 7.385 ; 7.385 ; 7.385 ;
; SW[15]     ; HEX4[1]     ; 7.394 ; 7.394 ; 7.394 ; 7.394 ;
; SW[15]     ; HEX4[2]     ; 7.346 ; 7.346 ; 7.346 ; 7.346 ;
; SW[15]     ; HEX4[3]     ; 7.381 ; 7.381 ; 7.381 ; 7.381 ;
; SW[15]     ; HEX4[4]     ; 7.401 ; 7.401 ; 7.401 ; 7.401 ;
; SW[15]     ; HEX4[5]     ; 7.413 ; 7.413 ; 7.413 ; 7.413 ;
; SW[15]     ; HEX4[6]     ; 7.416 ; 7.416 ; 7.416 ; 7.416 ;
; SW[15]     ; HEX5[0]     ; 7.276 ;       ;       ; 7.276 ;
; SW[15]     ; HEX5[3]     ; 7.148 ;       ;       ; 7.148 ;
; SW[15]     ; HEX5[4]     ; 7.128 ;       ;       ; 7.128 ;
; SW[15]     ; HEX5[5]     ; 7.128 ;       ;       ; 7.128 ;
; SW[15]     ; LEDR[15]    ; 5.598 ;       ;       ; 5.598 ;
; SW[16]     ; HEX2[0]     ; 6.206 ; 6.206 ; 6.206 ; 6.206 ;
; SW[16]     ; HEX2[1]     ; 6.054 ;       ;       ; 6.054 ;
; SW[16]     ; HEX2[2]     ; 6.090 ; 6.090 ; 6.090 ; 6.090 ;
; SW[16]     ; HEX2[3]     ; 6.074 ; 6.074 ; 6.074 ; 6.074 ;
; SW[16]     ; HEX2[4]     ; 6.209 ; 6.209 ; 6.209 ; 6.209 ;
; SW[16]     ; HEX2[5]     ; 6.200 ; 6.200 ; 6.200 ; 6.200 ;
; SW[16]     ; HEX2[6]     ; 6.139 ; 6.139 ; 6.139 ; 6.139 ;
; SW[16]     ; HEX4[0]     ; 7.053 ; 7.053 ; 7.053 ; 7.053 ;
; SW[16]     ; HEX4[1]     ; 7.062 ; 7.062 ; 7.062 ; 7.062 ;
; SW[16]     ; HEX4[2]     ; 7.014 ; 7.014 ; 7.014 ; 7.014 ;
; SW[16]     ; HEX4[3]     ; 7.049 ; 7.049 ; 7.049 ; 7.049 ;
; SW[16]     ; HEX4[4]     ; 7.069 ; 7.069 ; 7.069 ; 7.069 ;
; SW[16]     ; HEX4[5]     ; 7.081 ; 7.081 ; 7.081 ; 7.081 ;
; SW[16]     ; HEX4[6]     ; 7.084 ; 7.084 ; 7.084 ; 7.084 ;
; SW[16]     ; HEX5[0]     ; 7.049 ;       ;       ; 7.049 ;
; SW[16]     ; HEX5[3]     ; 6.921 ;       ;       ; 6.921 ;
; SW[16]     ; HEX5[4]     ; 6.901 ;       ;       ; 6.901 ;
; SW[16]     ; HEX5[5]     ; 6.901 ;       ;       ; 6.901 ;
; SW[16]     ; LEDR[16]    ; 5.599 ;       ;       ; 5.599 ;
; SW[17]     ; HEX2[0]     ; 6.136 ; 6.136 ; 6.136 ; 6.136 ;
; SW[17]     ; HEX2[1]     ; 5.980 ; 5.980 ; 5.980 ; 5.980 ;
; SW[17]     ; HEX2[2]     ; 6.020 ; 6.020 ; 6.020 ; 6.020 ;
; SW[17]     ; HEX2[3]     ; 6.003 ; 6.003 ; 6.003 ; 6.003 ;
; SW[17]     ; HEX2[4]     ;       ; 6.135 ; 6.135 ;       ;
; SW[17]     ; HEX2[5]     ; 6.136 ; 6.136 ; 6.136 ; 6.136 ;
; SW[17]     ; HEX2[6]     ; 6.075 ; 6.075 ; 6.075 ; 6.075 ;
; SW[17]     ; HEX4[0]     ; 7.561 ; 7.561 ; 7.561 ; 7.561 ;
; SW[17]     ; HEX4[1]     ; 7.569 ; 7.569 ; 7.569 ; 7.569 ;
; SW[17]     ; HEX4[2]     ; 7.510 ; 7.510 ; 7.510 ; 7.510 ;
; SW[17]     ; HEX4[3]     ; 7.559 ; 7.559 ; 7.559 ; 7.559 ;
; SW[17]     ; HEX4[4]     ; 7.580 ; 7.580 ; 7.580 ; 7.580 ;
; SW[17]     ; HEX4[5]     ; 7.582 ; 7.582 ; 7.582 ; 7.582 ;
; SW[17]     ; HEX4[6]     ; 7.584 ; 7.584 ; 7.584 ; 7.584 ;
; SW[17]     ; HEX5[0]     ; 7.292 ;       ;       ; 7.292 ;
; SW[17]     ; HEX5[3]     ; 7.164 ;       ;       ; 7.164 ;
; SW[17]     ; HEX5[4]     ; 7.144 ;       ;       ; 7.144 ;
; SW[17]     ; HEX5[5]     ; 7.144 ;       ;       ; 7.144 ;
; SW[17]     ; LEDR[17]    ; 5.604 ;       ;       ; 5.604 ;
+------------+-------------+-------+-------+-------+-------+


-------------------
; Clock Transfers ;
-------------------
Nothing to report.


---------------
; Report TCCS ;
---------------
No dedicated SERDES Transmitter circuitry present in device or used in design


---------------
; Report RSKM ;
---------------
No dedicated SERDES Receiver circuitry present in device or used in design


+------------------------------------------------+
; Unconstrained Paths                            ;
+---------------------------------+-------+------+
; Property                        ; Setup ; Hold ;
+---------------------------------+-------+------+
; Illegal Clocks                  ; 0     ; 0    ;
; Unconstrained Clocks            ; 0     ; 0    ;
; Unconstrained Input Ports       ; 18    ; 18   ;
; Unconstrained Input Port Paths  ; 173   ; 173  ;
; Unconstrained Output Ports      ; 43    ; 43   ;
; Unconstrained Output Port Paths ; 173   ; 173  ;
+---------------------------------+-------+------+


+------------------------------------+
; TimeQuest Timing Analyzer Messages ;
+------------------------------------+
Info: *******************************************************************
Info: Running Quartus II 64-Bit TimeQuest Timing Analyzer
    Info: Version 13.0.1 Build 232 06/12/2013 Service Pack 1 SJ Web Edition
    Info: Processing started: Thu Aug 30 16:29:15 2018
Info: Command: quartus_sta fulladder4b -c fulladder4b
Info: qsta_default_script.tcl version: #1
Warning (20028): Parallel compilation is not licensed and has been disabled
Info (21077): Low junction temperature is 0 degrees C
Info (21077): High junction temperature is 85 degrees C
Critical Warning (332012): Synopsys Design Constraints File file not found: 'fulladder4b.sdc'. A Synopsys Design Constraints File is required by the TimeQuest Timing Analyzer to get proper timing constraints. Without it, the Compiler will not properly optimize the design.
Info (332142): No user constrained base clocks found in the design. Calling "derive_clocks -period 1.0"
Info (332096): The command derive_clocks did not find any clocks to derive.  No clocks were created or changed.
Warning (332068): No clocks defined in design.
Info: Found TIMEQUEST_REPORT_SCRIPT_INCLUDE_DEFAULT_ANALYSIS = ON
Info (332159): No clocks to report
Info: Analyzing Slow Model
Info (332140): No fmax paths to report
Info (332140): No Setup paths to report
Info (332140): No Hold paths to report
Info (332140): No Recovery paths to report
Info (332140): No Removal paths to report
Info (332140): No Minimum Pulse Width paths to report
Info (332001): The selected device family is not supported by the report_metastability command.
Info: Analyzing Fast Model
Info (332142): No user constrained base clocks found in the design. Calling "derive_clocks -period 1.0"
Info (332096): The command derive_clocks did not find any clocks to derive.  No clocks were created or changed.
Warning (332068): No clocks defined in design.
Info (332140): No Setup paths to report
Info (332140): No Hold paths to report
Info (332140): No Recovery paths to report
Info (332140): No Removal paths to report
Info (332140): No Minimum Pulse Width paths to report
Info (332001): The selected device family is not supported by the report_metastability command.
Info (332102): Design is not fully constrained for setup requirements
Info (332102): Design is not fully constrained for hold requirements
Info: Quartus II 64-Bit TimeQuest Timing Analyzer was successful. 0 errors, 4 warnings
    Info: Peak virtual memory: 4560 megabytes
    Info: Processing ended: Thu Aug 30 16:29:21 2018
    Info: Elapsed time: 00:00:06
    Info: Total CPU time (on all processors): 00:00:04


